正在处理目录: baseline
运行脚本: gen_pred.py
INFO 06-07 11:41:05 [__init__.py:243] Automatically detected platform cuda.
INFO 06-07 11:41:06 [__init__.py:31] Available plugins for group vllm.general_plugins:
INFO 06-07 11:41:06 [__init__.py:33] - lora_filesystem_resolver -> vllm.plugins.lora_resolvers.filesystem_resolver:register_filesystem_resolver
INFO 06-07 11:41:06 [__init__.py:36] All plugins in this group will be loaded. Set `VLLM_PLUGINS` to control which plugins to load.
INFO 06-07 11:41:13 [config.py:793] This model supports multiple tasks: {'score', 'reward', 'generate', 'embed', 'classify'}. Defaulting to 'generate'.
INFO 06-07 11:41:13 [config.py:2118] Chunked prefill is enabled with max_num_batched_tokens=8192.
INFO 06-07 11:41:14 [core.py:438] Waiting for init message from front-end.
INFO 06-07 11:41:14 [core.py:65] Initializing a V1 LLM engine (v0.9.0.1) with config: model='/exp/share_302035829/hunyuan/holdenlu/ckpt/Qwen2.5-VL-7B-Instruct', speculative_config=None, tokenizer='/exp/share_302035829/hunyuan/holdenlu/ckpt/Qwen2.5-VL-7B-Instruct', skip_tokenizer_init=False, tokenizer_mode=auto, revision=None, override_neuron_config={}, tokenizer_revision=None, trust_remote_code=True, dtype=torch.bfloat16, max_seq_len=10000, download_dir=None, load_format=auto, tensor_parallel_size=1, pipeline_parallel_size=1, disable_custom_all_reduce=False, quantization=None, enforce_eager=False, kv_cache_dtype=auto,  device_config=cuda, decoding_config=DecodingConfig(backend='auto', disable_fallback=False, disable_any_whitespace=False, disable_additional_properties=False, reasoning_backend=''), observability_config=ObservabilityConfig(show_hidden_metrics_for_version=None, otlp_traces_endpoint=None, collect_detailed_traces=None), seed=0, served_model_name=/exp/share_302035829/hunyuan/holdenlu/ckpt/Qwen2.5-VL-7B-Instruct, num_scheduler_steps=1, multi_step_stream_outputs=True, enable_prefix_caching=True, chunked_prefill_enabled=True, use_async_output_proc=True, pooler_config=None, compilation_config={"level": 3, "custom_ops": ["none"], "splitting_ops": ["vllm.unified_attention", "vllm.unified_attention_with_output"], "compile_sizes": [], "inductor_compile_config": {"enable_auto_functionalized_v2": false}, "use_cudagraph": true, "cudagraph_num_of_warmups": 1, "cudagraph_capture_sizes": [512, 504, 496, 488, 480, 472, 464, 456, 448, 440, 432, 424, 416, 408, 400, 392, 384, 376, 368, 360, 352, 344, 336, 328, 320, 312, 304, 296, 288, 280, 272, 264, 256, 248, 240, 232, 224, 216, 208, 200, 192, 184, 176, 168, 160, 152, 144, 136, 128, 120, 112, 104, 96, 88, 80, 72, 64, 56, 48, 40, 32, 24, 16, 8, 4, 2, 1], "max_capture_size": 512}
WARNING 06-07 11:41:14 [utils.py:2671] Methods determine_num_available_blocks,device_config,get_cache_block_size_bytes,initialize_cache not implemented in <vllm.v1.worker.gpu_worker.Worker object at 0x7f6cffad49d0>
INFO 06-07 11:41:15 [parallel_state.py:1064] rank 0 in world size 1 is assigned as DP rank 0, PP rank 0, TP rank 0, EP rank 0
Using a slow image processor as `use_fast` is unset and a slow processor was saved with this model. `use_fast=True` will be the default behavior in v4.52, even if the model was saved with a slow processor. This will result in minor differences in outputs. You'll still be able to use a slow processor with `use_fast=False`.
You have video processor config saved in `preprocessor.json` file which is deprecated. Video processor configs should be saved in their own `video_preprocessor.json` file. You can rename the file or load and save the processor back which renames it automatically. Loading from `preprocessor.json` will be removed in v5.0.
Unused or unrecognized kwargs: fps, return_tensors.
WARNING 06-07 11:41:18 [topk_topp_sampler.py:58] FlashInfer is not available. Falling back to the PyTorch-native implementation of top-p & top-k sampling. For the best performance, please install FlashInfer.
INFO 06-07 11:41:18 [gpu_model_runner.py:1531] Starting to load model /exp/share_302035829/hunyuan/holdenlu/ckpt/Qwen2.5-VL-7B-Instruct...
WARNING 06-07 11:41:18 [vision.py:90] Current `vllm-flash-attn` has a bug inside vision module, so we use xformers backend instead. You can run `pip install flash-attn` to use flash-attention backend.
INFO 06-07 11:41:18 [cuda.py:217] Using Flash Attention backend on V1 engine.
INFO 06-07 11:41:18 [backends.py:35] Using InductorAdaptor
Loading safetensors checkpoint shards:   0% Completed | 0/5 [00:00<?, ?it/s]
Loading safetensors checkpoint shards:  20% Completed | 1/5 [00:00<00:01,  2.50it/s]
Loading safetensors checkpoint shards:  40% Completed | 2/5 [00:00<00:01,  2.22it/s]
Loading safetensors checkpoint shards:  60% Completed | 3/5 [00:01<00:00,  2.30it/s]
Loading safetensors checkpoint shards:  80% Completed | 4/5 [00:01<00:00,  3.08it/s]
Loading safetensors checkpoint shards: 100% Completed | 5/5 [00:01<00:00,  3.01it/s]
Loading safetensors checkpoint shards: 100% Completed | 5/5 [00:01<00:00,  2.77it/s]

INFO 06-07 11:41:20 [default_loader.py:280] Loading weights took 1.85 seconds
INFO 06-07 11:41:21 [gpu_model_runner.py:1549] Model loading took 15.6271 GiB and 1.993854 seconds
INFO 06-07 11:41:21 [gpu_model_runner.py:1863] Encoder cache will be initialized with a budget of 16384 tokens, and profiled with 1 image items of the maximum feature size.
INFO 06-07 11:41:27 [backends.py:459] Using cache directory: /root/.cache/vllm/torch_compile_cache/15c58582f9/rank_0_0 for vLLM's torch.compile
INFO 06-07 11:41:27 [backends.py:469] Dynamo bytecode transform time: 3.62 s
INFO 06-07 11:41:31 [backends.py:132] Directly load the compiled graph(s) for shape None from the cache, took 2.551 s
INFO 06-07 11:41:31 [monitor.py:33] torch.compile takes 3.62 s in total
INFO 06-07 11:41:32 [kv_cache_utils.py:637] GPU KV cache size: 400,288 tokens
INFO 06-07 11:41:32 [kv_cache_utils.py:640] Maximum concurrency for 10,000 tokens per request: 40.03x
INFO 06-07 11:41:56 [gpu_model_runner.py:1933] Graph capturing finished in 24 secs, took 1.61 GiB
INFO 06-07 11:41:56 [core.py:167] init engine (profile, create kv cache, warmup model) took 35.57 seconds
Using a slow image processor as `use_fast` is unset and a slow processor was saved with this model. `use_fast=True` will be the default behavior in v4.52, even if the model was saved with a slow processor. This will result in minor differences in outputs. You'll still be able to use a slow processor with `use_fast=False`.
You have video processor config saved in `preprocessor.json` file which is deprecated. Video processor configs should be saved in their own `video_preprocessor.json` file. You can rename the file or load and save the processor back which renames it automatically. Loading from `preprocessor.json` will be removed in v5.0.
Adding requests:   0%|          | 0/2037 [00:00<?, ?it/s]Adding requests:   0%|          | 1/2037 [00:01<49:49,  1.47s/it]Adding requests:   0%|          | 10/2037 [00:01<03:58,  8.50it/s]Adding requests:   1%|          | 16/2037 [00:01<02:22, 14.20it/s]Adding requests:   1%|          | 22/2037 [00:02<02:18, 14.59it/s]Adding requests:   1%|▏         | 28/2037 [00:02<01:59, 16.79it/s]Adding requests:   2%|▏         | 34/2037 [00:02<01:30, 22.21it/s]Adding requests:   2%|▏         | 40/2037 [00:02<01:32, 21.48it/s]Adding requests:   2%|▏         | 44/2037 [00:02<01:40, 19.92it/s]Adding requests:   3%|▎         | 52/2037 [00:03<01:14, 26.75it/s]Adding requests:   3%|▎         | 58/2037 [00:03<01:01, 31.96it/s]Adding requests:   3%|▎         | 63/2037 [00:03<01:01, 31.99it/s]Adding requests:   3%|▎         | 68/2037 [00:03<01:13, 26.82it/s]Adding requests:   4%|▎         | 75/2037 [00:03<00:57, 34.11it/s]Adding requests:   4%|▍         | 80/2037 [00:03<00:52, 37.12it/s]Adding requests:   4%|▍         | 87/2037 [00:03<00:45, 42.80it/s]Adding requests:   5%|▍         | 93/2037 [00:04<00:42, 45.66it/s]Adding requests:   5%|▍         | 101/2037 [00:04<00:38, 50.85it/s]Adding requests:   5%|▌         | 107/2037 [00:04<00:57, 33.72it/s]Adding requests:   5%|▌         | 112/2037 [00:04<00:53, 35.99it/s]Adding requests:   6%|▌         | 119/2037 [00:04<00:45, 42.34it/s]Adding requests:   6%|▌         | 125/2037 [00:05<00:56, 33.98it/s]Adding requests:   6%|▋         | 130/2037 [00:05<01:20, 23.62it/s]Adding requests:   7%|▋         | 134/2037 [00:05<01:15, 25.26it/s]Adding requests:   7%|▋         | 140/2037 [00:05<01:01, 30.85it/s]Adding requests:   7%|▋         | 149/2037 [00:05<00:56, 33.57it/s]Adding requests:   8%|▊         | 153/2037 [00:06<01:05, 28.83it/s]Adding requests:   8%|▊         | 161/2037 [00:06<00:51, 36.78it/s]Adding requests:   8%|▊         | 166/2037 [00:06<00:53, 34.67it/s]Adding requests:   9%|▉         | 187/2037 [00:06<00:26, 69.17it/s]Adding requests:  10%|▉         | 196/2037 [00:06<00:26, 69.18it/s]Adding requests:  10%|█         | 205/2037 [00:07<00:45, 40.67it/s]Adding requests:  10%|█         | 212/2037 [00:07<00:53, 33.88it/s]Adding requests:  11%|█         | 218/2037 [00:07<00:51, 35.12it/s]Adding requests:  12%|█▏        | 235/2037 [00:07<00:32, 55.79it/s]Adding requests:  12%|█▏        | 246/2037 [00:07<00:29, 61.51it/s]Adding requests:  13%|█▎        | 255/2037 [00:08<00:41, 42.86it/s]Adding requests:  13%|█▎        | 265/2037 [00:08<00:34, 51.11it/s]Adding requests:  13%|█▎        | 273/2037 [00:08<00:38, 46.41it/s]Adding requests:  14%|█▍        | 287/2037 [00:08<00:28, 62.36it/s]Adding requests:  15%|█▍        | 299/2037 [00:08<00:23, 73.32it/s]Adding requests:  15%|█▌        | 309/2037 [00:08<00:28, 60.85it/s]Adding requests:  16%|█▌        | 318/2037 [00:09<00:26, 65.67it/s]Adding requests:  16%|█▌        | 327/2037 [00:09<00:26, 65.01it/s]Adding requests:  17%|█▋        | 340/2037 [00:09<00:22, 76.74it/s]Adding requests:  17%|█▋        | 349/2037 [00:09<00:21, 78.42it/s]Adding requests:  18%|█▊        | 358/2037 [00:09<00:21, 78.04it/s]Adding requests:  18%|█▊        | 367/2037 [00:09<00:31, 52.29it/s]Adding requests:  19%|█▊        | 381/2037 [00:09<00:24, 68.84it/s]Adding requests:  19%|█▉        | 392/2037 [00:10<00:21, 77.11it/s]Adding requests:  20%|█▉        | 404/2037 [00:10<00:18, 86.17it/s]Adding requests:  20%|██        | 415/2037 [00:10<00:20, 81.06it/s]Adding requests:  21%|██        | 426/2037 [00:10<00:18, 87.45it/s]Adding requests:  22%|██▏       | 439/2037 [00:10<00:16, 97.18it/s]Adding requests:  22%|██▏       | 458/2037 [00:10<00:13, 120.84it/s]Adding requests:  23%|██▎       | 471/2037 [00:10<00:12, 121.23it/s]Adding requests:  24%|██▍       | 485/2037 [00:10<00:13, 116.62it/s]Adding requests:  24%|██▍       | 498/2037 [00:10<00:13, 112.88it/s]Adding requests:  25%|██▌       | 510/2037 [00:11<00:13, 109.93it/s]Adding requests:  26%|██▌       | 522/2037 [00:11<00:18, 80.22it/s] Adding requests:  26%|██▋       | 539/2037 [00:11<00:15, 96.88it/s]Adding requests:  27%|██▋       | 551/2037 [00:11<00:22, 66.17it/s]Adding requests:  27%|██▋       | 560/2037 [00:11<00:22, 65.10it/s]Adding requests:  28%|██▊       | 569/2037 [00:12<00:21, 68.71it/s]Adding requests:  28%|██▊       | 578/2037 [00:12<00:29, 48.97it/s]Adding requests:  29%|██▊       | 585/2037 [00:12<00:28, 50.09it/s]Adding requests:  29%|██▉       | 597/2037 [00:12<00:23, 62.53it/s]Adding requests:  30%|██▉       | 608/2037 [00:12<00:20, 71.36it/s]Adding requests:  30%|███       | 617/2037 [00:12<00:23, 61.57it/s]Adding requests:  31%|███       | 627/2037 [00:13<00:21, 65.36it/s]Adding requests:  31%|███▏      | 641/2037 [00:13<00:17, 78.69it/s]Adding requests:  32%|███▏      | 650/2037 [00:13<00:22, 60.96it/s]Adding requests:  32%|███▏      | 658/2037 [00:13<00:25, 54.28it/s]Adding requests:  33%|███▎      | 674/2037 [00:13<00:19, 71.37it/s]Adding requests:  34%|███▎      | 687/2037 [00:13<00:16, 82.32it/s]Adding requests:  34%|███▍      | 697/2037 [00:13<00:16, 80.61it/s]Adding requests:  35%|███▍      | 706/2037 [00:14<00:16, 78.82it/s]Adding requests:  35%|███▌      | 719/2037 [00:14<00:14, 89.57it/s]Adding requests:  36%|███▌      | 729/2037 [00:14<00:14, 89.57it/s]Adding requests:  36%|███▋      | 741/2037 [00:14<00:14, 92.50it/s]Adding requests:  37%|███▋      | 752/2037 [00:14<00:13, 95.32it/s]Adding requests:  38%|███▊      | 766/2037 [00:14<00:11, 106.98it/s]Adding requests:  38%|███▊      | 777/2037 [00:14<00:11, 105.39it/s]Adding requests:  39%|███▉      | 792/2037 [00:14<00:10, 116.69it/s]Adding requests:  40%|███▉      | 808/2037 [00:14<00:09, 126.95it/s]Adding requests:  41%|████      | 827/2037 [00:15<00:08, 140.17it/s]Adding requests:  41%|████▏     | 843/2037 [00:15<00:08, 145.69it/s]Adding requests:  42%|████▏     | 858/2037 [00:15<00:09, 123.39it/s]Adding requests:  43%|████▎     | 871/2037 [00:15<00:10, 110.86it/s]Adding requests:  43%|████▎     | 883/2037 [00:15<00:10, 109.47it/s]Adding requests:  44%|████▍     | 902/2037 [00:15<00:08, 129.50it/s]Adding requests:  45%|████▌     | 917/2037 [00:15<00:08, 134.12it/s]Adding requests:  46%|████▌     | 931/2037 [00:15<00:09, 113.25it/s]Adding requests:  47%|████▋     | 953/2037 [00:16<00:08, 131.95it/s]Adding requests:  48%|████▊     | 978/2037 [00:16<00:06, 160.91it/s]Adding requests:  49%|████▉     | 996/2037 [00:16<00:07, 134.66it/s]Adding requests:  50%|████▉     | 1011/2037 [00:16<00:09, 107.61it/s]Adding requests:  50%|█████     | 1024/2037 [00:16<00:10, 97.58it/s] Adding requests:  51%|█████     | 1039/2037 [00:16<00:10, 98.30it/s]Adding requests:  52%|█████▏    | 1052/2037 [00:17<00:09, 101.92it/s]Adding requests:  52%|█████▏    | 1063/2037 [00:17<00:09, 103.49it/s]Adding requests:  53%|█████▎    | 1082/2037 [00:17<00:07, 119.79it/s]Adding requests:  54%|█████▍    | 1096/2037 [00:17<00:07, 122.07it/s]Adding requests:  54%|█████▍    | 1109/2037 [00:17<00:07, 121.96it/s]Adding requests:  55%|█████▌    | 1122/2037 [00:17<00:13, 69.50it/s] Adding requests:  56%|█████▌    | 1137/2037 [00:18<00:11, 81.10it/s]Adding requests:  56%|█████▋    | 1148/2037 [00:18<00:10, 85.92it/s]Adding requests:  57%|█████▋    | 1163/2037 [00:18<00:10, 85.32it/s]Adding requests:  58%|█████▊    | 1173/2037 [00:18<00:12, 67.65it/s]Adding requests:  58%|█████▊    | 1182/2037 [00:18<00:19, 44.00it/s]Adding requests:  58%|█████▊    | 1189/2037 [00:19<00:25, 33.58it/s]Adding requests:  59%|█████▊    | 1194/2037 [00:19<00:26, 32.00it/s]Adding requests:  59%|█████▉    | 1200/2037 [00:19<00:25, 32.28it/s]Adding requests:  59%|█████▉    | 1204/2037 [00:19<00:27, 30.64it/s]Adding requests:  60%|█████▉    | 1213/2037 [00:20<00:20, 39.83it/s]Adding requests:  60%|█████▉    | 1218/2037 [00:20<00:31, 26.15it/s]Adding requests:  60%|█████▉    | 1222/2037 [00:20<00:31, 26.13it/s]Adding requests:  60%|██████    | 1226/2037 [00:20<00:41, 19.72it/s]Adding requests:  60%|██████    | 1229/2037 [00:21<00:47, 16.85it/s]Adding requests:  61%|██████    | 1233/2037 [00:21<00:40, 19.97it/s]Adding requests:  61%|██████    | 1237/2037 [00:21<00:36, 21.77it/s]Adding requests:  61%|██████    | 1245/2037 [00:21<00:24, 31.76it/s]Adding requests:  61%|██████▏   | 1250/2037 [00:21<00:27, 29.11it/s]Adding requests:  62%|██████▏   | 1254/2037 [00:22<00:29, 26.41it/s]Adding requests:  62%|██████▏   | 1262/2037 [00:22<00:24, 31.18it/s]Adding requests:  62%|██████▏   | 1269/2037 [00:22<00:20, 37.39it/s]Adding requests:  63%|██████▎   | 1278/2037 [00:22<00:17, 44.20it/s]Adding requests:  63%|██████▎   | 1287/2037 [00:22<00:15, 49.77it/s]Adding requests:  63%|██████▎   | 1293/2037 [00:22<00:14, 51.45it/s]Adding requests:  64%|██████▍   | 1300/2037 [00:22<00:13, 54.42it/s]Adding requests:  64%|██████▍   | 1308/2037 [00:22<00:13, 55.11it/s]Adding requests:  65%|██████▍   | 1314/2037 [00:23<00:14, 50.65it/s]Adding requests:  65%|██████▍   | 1321/2037 [00:23<00:13, 54.65it/s]Adding requests:  65%|██████▌   | 1329/2037 [00:23<00:11, 60.69it/s]Adding requests:  66%|██████▌   | 1337/2037 [00:23<00:10, 64.79it/s]Adding requests:  66%|██████▌   | 1344/2037 [00:23<00:19, 35.89it/s]Adding requests:  66%|██████▋   | 1350/2037 [00:23<00:19, 35.77it/s]Adding requests:  67%|██████▋   | 1356/2037 [00:24<00:17, 38.31it/s]Adding requests:  67%|██████▋   | 1361/2037 [00:24<00:23, 28.91it/s]Adding requests:  67%|██████▋   | 1367/2037 [00:24<00:20, 33.25it/s]Adding requests:  67%|██████▋   | 1372/2037 [00:24<00:18, 36.36it/s]Adding requests:  68%|██████▊   | 1377/2037 [00:24<00:17, 37.86it/s]Adding requests:  68%|██████▊   | 1384/2037 [00:24<00:14, 44.94it/s]Adding requests:  68%|██████▊   | 1390/2037 [00:25<00:16, 38.63it/s]Adding requests:  68%|██████▊   | 1395/2037 [00:25<00:16, 38.18it/s]Adding requests:  69%|██████▉   | 1401/2037 [00:25<00:15, 41.38it/s]Adding requests:  69%|██████▉   | 1406/2037 [00:25<00:21, 29.20it/s]Adding requests:  69%|██████▉   | 1410/2037 [00:25<00:21, 28.98it/s]Adding requests:  70%|██████▉   | 1416/2037 [00:25<00:17, 34.99it/s]Adding requests:  70%|██████▉   | 1422/2037 [00:25<00:15, 39.33it/s]Adding requests:  70%|███████   | 1427/2037 [00:26<00:22, 27.68it/s]Adding requests:  70%|███████   | 1433/2037 [00:26<00:18, 33.28it/s]Adding requests:  71%|███████   | 1440/2037 [00:26<00:14, 40.23it/s]Adding requests:  71%|███████   | 1445/2037 [00:26<00:18, 32.55it/s]Adding requests:  71%|███████   | 1451/2037 [00:26<00:15, 37.83it/s]Adding requests:  71%|███████▏  | 1456/2037 [00:26<00:14, 39.47it/s]Adding requests:  72%|███████▏  | 1463/2037 [00:27<00:15, 37.32it/s]Adding requests:  72%|███████▏  | 1468/2037 [00:27<00:15, 36.78it/s]Adding requests:  72%|███████▏  | 1476/2037 [00:27<00:12, 45.85it/s]Adding requests:  73%|███████▎  | 1482/2037 [00:27<00:15, 34.94it/s]Adding requests:  73%|███████▎  | 1491/2037 [00:27<00:12, 45.26it/s]Adding requests:  73%|███████▎  | 1497/2037 [00:28<00:15, 35.95it/s]Adding requests:  74%|███████▍  | 1503/2037 [00:28<00:13, 39.91it/s]Adding requests:  74%|███████▍  | 1508/2037 [00:28<00:19, 27.48it/s]Adding requests:  74%|███████▍  | 1516/2037 [00:28<00:14, 35.42it/s]Adding requests:  75%|███████▍  | 1523/2037 [00:28<00:12, 39.69it/s]Adding requests:  75%|███████▌  | 1529/2037 [00:28<00:11, 42.77it/s]Adding requests:  75%|███████▌  | 1536/2037 [00:28<00:10, 48.26it/s]Adding requests:  76%|███████▌  | 1542/2037 [00:29<00:12, 38.84it/s]Adding requests:  76%|███████▌  | 1547/2037 [00:29<00:12, 38.95it/s]Adding requests:  76%|███████▌  | 1552/2037 [00:29<00:19, 24.31it/s]Adding requests:  76%|███████▋  | 1556/2037 [00:30<00:23, 20.08it/s]Adding requests:  77%|███████▋  | 1559/2037 [00:30<00:22, 20.97it/s]Adding requests:  77%|███████▋  | 1563/2037 [00:30<00:21, 22.46it/s]Adding requests:  77%|███████▋  | 1567/2037 [00:30<00:19, 23.84it/s]Adding requests:  77%|███████▋  | 1572/2037 [00:30<00:17, 25.87it/s]Adding requests:  78%|███████▊  | 1579/2037 [00:30<00:15, 30.50it/s]Adding requests:  78%|███████▊  | 1584/2037 [00:30<00:14, 31.94it/s]Adding requests:  78%|███████▊  | 1588/2037 [00:31<00:17, 26.01it/s]Adding requests:  78%|███████▊  | 1591/2037 [00:31<00:17, 25.77it/s]Adding requests:  78%|███████▊  | 1597/2037 [00:31<00:13, 32.77it/s]Adding requests:  79%|███████▊  | 1601/2037 [00:31<00:14, 29.88it/s]Adding requests:  79%|███████▉  | 1605/2037 [00:31<00:15, 27.44it/s]Adding requests:  79%|███████▉  | 1610/2037 [00:31<00:14, 30.30it/s]Adding requests:  79%|███████▉  | 1614/2037 [00:32<00:20, 20.77it/s]Adding requests:  79%|███████▉  | 1617/2037 [00:32<00:25, 16.53it/s]Adding requests:  80%|███████▉  | 1622/2037 [00:32<00:22, 18.38it/s]Adding requests:  80%|███████▉  | 1626/2037 [00:32<00:20, 20.45it/s]Adding requests:  80%|████████  | 1631/2037 [00:33<00:24, 16.43it/s]Adding requests:  80%|████████  | 1634/2037 [00:33<00:23, 17.04it/s]Adding requests:  81%|████████  | 1640/2037 [00:33<00:17, 22.77it/s]Adding requests:  81%|████████  | 1647/2037 [00:33<00:12, 30.50it/s]Adding requests:  81%|████████  | 1654/2037 [00:33<00:11, 32.94it/s]Adding requests:  81%|████████▏ | 1659/2037 [00:33<00:10, 36.09it/s]Adding requests:  82%|████████▏ | 1665/2037 [00:34<00:09, 40.73it/s]Adding requests:  82%|████████▏ | 1670/2037 [00:34<00:09, 40.21it/s]Adding requests:  82%|████████▏ | 1675/2037 [00:34<00:09, 39.17it/s]Adding requests:  82%|████████▏ | 1680/2037 [00:34<00:08, 41.00it/s]Adding requests:  83%|████████▎ | 1685/2037 [00:34<00:09, 35.47it/s]Adding requests:  83%|████████▎ | 1689/2037 [00:34<00:12, 28.45it/s]Adding requests:  83%|████████▎ | 1693/2037 [00:34<00:11, 30.05it/s]Adding requests:  83%|████████▎ | 1699/2037 [00:35<00:09, 35.77it/s]Adding requests:  84%|████████▎ | 1703/2037 [00:35<00:09, 34.00it/s]Adding requests:  84%|████████▍ | 1707/2037 [00:35<00:09, 35.05it/s]Adding requests:  84%|████████▍ | 1713/2037 [00:35<00:08, 39.83it/s]Adding requests:  84%|████████▍ | 1718/2037 [00:35<00:08, 38.66it/s]Adding requests:  85%|████████▍ | 1722/2037 [00:35<00:08, 38.97it/s]Adding requests:  85%|████████▍ | 1727/2037 [00:35<00:07, 39.40it/s]Adding requests:  85%|████████▌ | 1732/2037 [00:35<00:07, 40.93it/s]Adding requests:  85%|████████▌ | 1737/2037 [00:36<00:08, 37.42it/s]Adding requests:  85%|████████▌ | 1741/2037 [00:36<00:09, 32.73it/s]Adding requests:  86%|████████▌ | 1745/2037 [00:36<00:08, 33.51it/s]Adding requests:  86%|████████▌ | 1750/2037 [00:36<00:07, 36.29it/s]Adding requests:  86%|████████▌ | 1756/2037 [00:36<00:07, 39.39it/s]Adding requests:  86%|████████▋ | 1762/2037 [00:36<00:06, 43.80it/s]Adding requests:  87%|████████▋ | 1767/2037 [00:36<00:07, 37.33it/s]Adding requests:  87%|████████▋ | 1774/2037 [00:36<00:05, 44.61it/s]Adding requests:  87%|████████▋ | 1781/2037 [00:37<00:05, 48.91it/s]Adding requests:  88%|████████▊ | 1787/2037 [00:37<00:05, 42.43it/s]Adding requests:  88%|████████▊ | 1794/2037 [00:37<00:05, 48.48it/s]Adding requests:  88%|████████▊ | 1801/2037 [00:37<00:04, 52.07it/s]Adding requests:  89%|████████▊ | 1807/2037 [00:37<00:07, 32.54it/s]Adding requests:  89%|████████▉ | 1812/2037 [00:38<00:09, 23.12it/s]Adding requests:  89%|████████▉ | 1818/2037 [00:38<00:07, 28.28it/s]Adding requests:  90%|████████▉ | 1825/2037 [00:38<00:06, 34.84it/s]Adding requests:  90%|████████▉ | 1832/2037 [00:38<00:04, 41.20it/s]Adding requests:  90%|█████████ | 1838/2037 [00:38<00:05, 39.71it/s]Adding requests:  91%|█████████ | 1846/2037 [00:38<00:04, 46.77it/s]Adding requests:  91%|█████████ | 1854/2037 [00:38<00:03, 52.17it/s]Adding requests:  91%|█████████▏| 1861/2037 [00:39<00:03, 54.68it/s]Adding requests:  92%|█████████▏| 1867/2037 [00:39<00:03, 54.69it/s]Adding requests:  92%|█████████▏| 1873/2037 [00:39<00:02, 55.77it/s]Adding requests:  92%|█████████▏| 1880/2037 [00:39<00:03, 51.41it/s]Adding requests:  93%|█████████▎| 1886/2037 [00:39<00:02, 50.84it/s]Adding requests:  93%|█████████▎| 1892/2037 [00:39<00:03, 39.37it/s]Adding requests:  93%|█████████▎| 1899/2037 [00:39<00:03, 44.94it/s]Adding requests:  94%|█████████▎| 1906/2037 [00:40<00:02, 47.88it/s]Adding requests:  94%|█████████▍| 1912/2037 [00:40<00:02, 48.88it/s]Adding requests:  94%|█████████▍| 1920/2037 [00:40<00:02, 51.98it/s]Adding requests:  95%|█████████▍| 1926/2037 [00:40<00:02, 43.94it/s]Adding requests:  95%|█████████▍| 1931/2037 [00:40<00:03, 34.13it/s]Adding requests:  95%|█████████▍| 1935/2037 [00:41<00:03, 26.80it/s]Adding requests:  95%|█████████▌| 1943/2037 [00:41<00:02, 35.82it/s]Adding requests:  96%|█████████▌| 1951/2037 [00:41<00:01, 43.35it/s]Adding requests:  96%|█████████▌| 1958/2037 [00:41<00:01, 46.82it/s]Adding requests:  96%|█████████▋| 1964/2037 [00:41<00:01, 37.69it/s]Adding requests:  97%|█████████▋| 1969/2037 [00:41<00:02, 30.00it/s]Adding requests:  97%|█████████▋| 1973/2037 [00:42<00:02, 28.39it/s]Adding requests:  97%|█████████▋| 1977/2037 [00:42<00:02, 24.56it/s]Adding requests:  97%|█████████▋| 1980/2037 [00:42<00:02, 24.34it/s]Adding requests:  97%|█████████▋| 1983/2037 [00:42<00:02, 21.11it/s]Adding requests:  98%|█████████▊| 1987/2037 [00:42<00:02, 20.27it/s]Adding requests:  98%|█████████▊| 1990/2037 [00:43<00:02, 18.99it/s]Adding requests:  98%|█████████▊| 1994/2037 [00:43<00:02, 18.80it/s]Adding requests:  98%|█████████▊| 1996/2037 [00:43<00:02, 18.29it/s]Adding requests:  98%|█████████▊| 1999/2037 [00:43<00:01, 19.69it/s]Adding requests:  98%|█████████▊| 2003/2037 [00:43<00:01, 17.35it/s]Adding requests:  99%|█████████▊| 2007/2037 [00:43<00:01, 18.58it/s]Adding requests:  99%|█████████▊| 2009/2037 [00:44<00:01, 18.68it/s]Adding requests:  99%|█████████▊| 2011/2037 [00:44<00:01, 18.82it/s]Adding requests:  99%|█████████▉| 2013/2037 [00:44<00:01, 16.34it/s]Adding requests:  99%|█████████▉| 2017/2037 [00:44<00:00, 20.44it/s]Adding requests:  99%|█████████▉| 2020/2037 [00:44<00:00, 19.01it/s]Adding requests:  99%|█████████▉| 2023/2037 [00:44<00:00, 21.34it/s]Adding requests: 100%|█████████▉| 2030/2037 [00:44<00:00, 31.30it/s]Adding requests: 100%|█████████▉| 2034/2037 [00:45<00:00, 28.12it/s]Adding requests: 100%|██████████| 2037/2037 [00:45<00:00, 45.11it/s]
Processed prompts:   0%|          | 0/2037 [00:00<?, ?it/s, est. speed input: 0.00 toks/s, output: 0.00 toks/s]Processed prompts:   6%|▋         | 130/2037 [00:00<00:01, 1299.69it/s, est. speed input: 1007415.33 toks/s, output: 143437.99 toks/s]Processed prompts:  13%|█▎        | 260/2037 [00:09<01:18, 22.52it/s, est. speed input: 18196.11 toks/s, output: 3456.90 toks/s]      Processed prompts:  15%|█▌        | 315/2037 [00:15<01:43, 16.65it/s, est. speed input: 13021.23 toks/s, output: 2605.08 toks/s]Processed prompts:  17%|█▋        | 345/2037 [00:18<01:54, 14.71it/s, est. speed input: 11623.80 toks/s, output: 2365.67 toks/s]Processed prompts:  18%|█▊        | 364/2037 [00:20<01:56, 14.30it/s, est. speed input: 11211.66 toks/s, output: 2292.63 toks/s]Processed prompts:  19%|█▊        | 377/2037 [00:21<01:57, 14.08it/s, est. speed input: 10896.35 toks/s, output: 2255.07 toks/s]Processed prompts:  19%|█▉        | 386/2037 [00:21<01:52, 14.61it/s, est. speed input: 10849.05 toks/s, output: 2272.54 toks/s]Processed prompts:  19%|█▉        | 393/2037 [00:23<02:13, 12.36it/s, est. speed input: 10276.25 toks/s, output: 2178.05 toks/s]Processed prompts:  20%|█▉        | 398/2037 [00:23<02:15, 12.12it/s, est. speed input: 10220.68 toks/s, output: 2166.52 toks/s]Processed prompts:  20%|█▉        | 402/2037 [00:24<02:18, 11.79it/s, est. speed input: 10071.96 toks/s, output: 2151.25 toks/s]Processed prompts:  20%|█▉        | 405/2037 [00:24<02:24, 11.29it/s, est. speed input: 9944.15 toks/s, output: 2133.58 toks/s] Processed prompts:  20%|██        | 408/2037 [00:24<02:24, 11.29it/s, est. speed input: 9961.03 toks/s, output: 2129.84 toks/s]Processed prompts:  20%|██        | 411/2037 [00:24<02:28, 10.93it/s, est. speed input: 9861.43 toks/s, output: 2114.61 toks/s]Processed prompts:  20%|██        | 413/2037 [00:25<02:21, 11.44it/s, est. speed input: 9841.27 toks/s, output: 2115.70 toks/s]Processed prompts:  21%|██        | 418/2037 [00:25<01:52, 14.40it/s, est. speed input: 9870.35 toks/s, output: 2127.13 toks/s]Processed prompts:  21%|██        | 421/2037 [00:25<02:10, 12.35it/s, est. speed input: 9796.73 toks/s, output: 2117.79 toks/s]Processed prompts:  21%|██        | 424/2037 [00:25<02:14, 11.96it/s, est. speed input: 9714.44 toks/s, output: 2110.40 toks/s]Processed prompts:  21%|██        | 426/2037 [00:26<02:07, 12.67it/s, est. speed input: 9688.81 toks/s, output: 2111.78 toks/s]Processed prompts:  21%|██        | 428/2037 [00:26<02:05, 12.79it/s, est. speed input: 9644.82 toks/s, output: 2107.93 toks/s]Processed prompts:  21%|██        | 430/2037 [00:26<01:59, 13.39it/s, est. speed input: 9627.33 toks/s, output: 2109.55 toks/s]Processed prompts:  21%|██▏       | 433/2037 [00:26<01:52, 14.28it/s, est. speed input: 9583.69 toks/s, output: 2111.51 toks/s]Processed prompts:  21%|██▏       | 436/2037 [00:26<01:54, 14.02it/s, est. speed input: 9529.03 toks/s, output: 2108.27 toks/s]Processed prompts:  22%|██▏       | 440/2037 [00:27<02:05, 12.68it/s, est. speed input: 9476.03 toks/s, output: 2097.39 toks/s]Processed prompts:  22%|██▏       | 443/2037 [00:27<02:12, 12.07it/s, est. speed input: 9420.02 toks/s, output: 2089.93 toks/s]Processed prompts:  22%|██▏       | 445/2037 [00:27<02:28, 10.75it/s, est. speed input: 9355.14 toks/s, output: 2080.25 toks/s]Processed prompts:  22%|██▏       | 450/2037 [00:27<02:11, 12.04it/s, est. speed input: 9352.40 toks/s, output: 2076.43 toks/s]Processed prompts:  22%|██▏       | 453/2037 [00:28<01:56, 13.64it/s, est. speed input: 9337.60 toks/s, output: 2079.09 toks/s]Processed prompts:  22%|██▏       | 455/2037 [00:28<01:50, 14.27it/s, est. speed input: 9360.69 toks/s, output: 2082.33 toks/s]Processed prompts:  22%|██▏       | 457/2037 [00:28<01:49, 14.43it/s, est. speed input: 9343.75 toks/s, output: 2084.17 toks/s]Processed prompts:  23%|██▎       | 461/2037 [00:28<01:29, 17.58it/s, est. speed input: 9333.01 toks/s, output: 2087.18 toks/s]Processed prompts:  23%|██▎       | 463/2037 [00:28<01:30, 17.47it/s, est. speed input: 9313.95 toks/s, output: 2086.54 toks/s]Processed prompts:  23%|██▎       | 465/2037 [00:29<02:23, 10.96it/s, est. speed input: 9205.88 toks/s, output: 2065.68 toks/s]Processed prompts:  23%|██▎       | 467/2037 [00:29<02:15, 11.60it/s, est. speed input: 9169.43 toks/s, output: 2062.07 toks/s]Processed prompts:  23%|██▎       | 469/2037 [00:29<02:55,  8.96it/s, est. speed input: 9076.64 toks/s, output: 2044.88 toks/s]Processed prompts:  23%|██▎       | 471/2037 [00:29<03:01,  8.64it/s, est. speed input: 9038.02 toks/s, output: 2035.09 toks/s]Processed prompts:  23%|██▎       | 473/2037 [00:29<02:39,  9.78it/s, est. speed input: 9007.07 toks/s, output: 2035.93 toks/s]Processed prompts:  23%|██▎       | 475/2037 [00:30<03:07,  8.32it/s, est. speed input: 8940.01 toks/s, output: 2025.61 toks/s]Processed prompts:  24%|██▎       | 479/2037 [00:30<02:23, 10.89it/s, est. speed input: 8946.71 toks/s, output: 2025.64 toks/s]Processed prompts:  24%|██▎       | 481/2037 [00:30<02:14, 11.56it/s, est. speed input: 8915.79 toks/s, output: 2022.99 toks/s]Processed prompts:  24%|██▎       | 483/2037 [00:30<02:44,  9.45it/s, est. speed input: 8851.86 toks/s, output: 2012.51 toks/s]Processed prompts:  24%|██▍       | 485/2037 [00:31<02:24, 10.77it/s, est. speed input: 8889.55 toks/s, output: 2013.89 toks/s]Processed prompts:  24%|██▍       | 487/2037 [00:31<02:21, 10.99it/s, est. speed input: 8859.04 toks/s, output: 2012.10 toks/s]Processed prompts:  24%|██▍       | 490/2037 [00:31<01:52, 13.78it/s, est. speed input: 8843.87 toks/s, output: 2012.75 toks/s]Processed prompts:  24%|██▍       | 492/2037 [00:31<02:14, 11.49it/s, est. speed input: 8781.34 toks/s, output: 2009.47 toks/s]Processed prompts:  24%|██▍       | 495/2037 [00:31<01:54, 13.49it/s, est. speed input: 8764.16 toks/s, output: 2013.12 toks/s]Processed prompts:  24%|██▍       | 497/2037 [00:31<02:07, 12.08it/s, est. speed input: 8722.39 toks/s, output: 2009.65 toks/s]Processed prompts:  25%|██▍       | 500/2037 [00:32<02:12, 11.61it/s, est. speed input: 8688.42 toks/s, output: 2003.08 toks/s]Processed prompts:  25%|██▍       | 502/2037 [00:32<02:01, 12.67it/s, est. speed input: 8666.30 toks/s, output: 2004.29 toks/s]Processed prompts:  25%|██▍       | 504/2037 [00:32<01:59, 12.84it/s, est. speed input: 8635.00 toks/s, output: 2003.72 toks/s]Processed prompts:  25%|██▍       | 507/2037 [00:32<01:48, 14.08it/s, est. speed input: 8612.46 toks/s, output: 2003.46 toks/s]Processed prompts:  25%|██▍       | 509/2037 [00:32<01:44, 14.63it/s, est. speed input: 8591.62 toks/s, output: 2003.25 toks/s]Processed prompts:  25%|██▌       | 512/2037 [00:32<01:33, 16.32it/s, est. speed input: 8606.49 toks/s, output: 2004.63 toks/s]Processed prompts:  25%|██▌       | 514/2037 [00:33<01:54, 13.35it/s, est. speed input: 8556.64 toks/s, output: 1999.14 toks/s]Processed prompts:  25%|██▌       | 516/2037 [00:33<01:50, 13.80it/s, est. speed input: 8541.14 toks/s, output: 2000.91 toks/s]Processed prompts:  25%|██▌       | 518/2037 [00:33<02:06, 12.05it/s, est. speed input: 8511.00 toks/s, output: 1995.85 toks/s]Processed prompts:  26%|██▌       | 520/2037 [00:33<01:56, 13.03it/s, est. speed input: 8489.68 toks/s, output: 1999.03 toks/s]Processed prompts:  26%|██▌       | 522/2037 [00:33<02:03, 12.24it/s, est. speed input: 8479.74 toks/s, output: 1995.55 toks/s]Processed prompts:  26%|██▌       | 524/2037 [00:33<01:53, 13.29it/s, est. speed input: 8469.97 toks/s, output: 1994.64 toks/s]Processed prompts:  26%|██▌       | 526/2037 [00:34<02:11, 11.52it/s, est. speed input: 8435.89 toks/s, output: 1990.08 toks/s]Processed prompts:  26%|██▌       | 528/2037 [00:34<01:57, 12.83it/s, est. speed input: 8437.34 toks/s, output: 1992.16 toks/s]Processed prompts:  26%|██▌       | 530/2037 [00:34<01:49, 13.71it/s, est. speed input: 8419.00 toks/s, output: 1991.20 toks/s]Processed prompts:  26%|██▌       | 532/2037 [00:34<01:44, 14.37it/s, est. speed input: 8397.25 toks/s, output: 1991.93 toks/s]Processed prompts:  26%|██▌       | 534/2037 [00:34<01:40, 14.92it/s, est. speed input: 8377.03 toks/s, output: 1992.39 toks/s]Processed prompts:  26%|██▋       | 538/2037 [00:34<01:33, 16.02it/s, est. speed input: 8350.35 toks/s, output: 1995.01 toks/s]Processed prompts:  27%|██▋       | 540/2037 [00:35<01:32, 16.19it/s, est. speed input: 8362.28 toks/s, output: 1995.95 toks/s]Processed prompts:  27%|██▋       | 542/2037 [00:35<01:30, 16.50it/s, est. speed input: 8345.20 toks/s, output: 1995.83 toks/s]Processed prompts:  27%|██▋       | 544/2037 [00:35<01:48, 13.71it/s, est. speed input: 8302.83 toks/s, output: 1993.26 toks/s]Processed prompts:  27%|██▋       | 548/2037 [00:35<01:24, 17.64it/s, est. speed input: 8290.17 toks/s, output: 1999.57 toks/s]Processed prompts:  27%|██▋       | 550/2037 [00:35<01:29, 16.61it/s, est. speed input: 8270.69 toks/s, output: 1997.00 toks/s]Processed prompts:  27%|██▋       | 552/2037 [00:35<01:35, 15.49it/s, est. speed input: 8266.59 toks/s, output: 1994.31 toks/s]Processed prompts:  27%|██▋       | 555/2037 [00:35<01:24, 17.48it/s, est. speed input: 8313.11 toks/s, output: 1996.61 toks/s]Processed prompts:  27%|██▋       | 557/2037 [00:36<01:27, 16.91it/s, est. speed input: 8302.60 toks/s, output: 1999.18 toks/s]Processed prompts:  27%|██▋       | 559/2037 [00:36<01:43, 14.33it/s, est. speed input: 8266.01 toks/s, output: 1995.86 toks/s]Processed prompts:  28%|██▊       | 561/2037 [00:36<01:51, 13.29it/s, est. speed input: 8242.33 toks/s, output: 1990.83 toks/s]Processed prompts:  28%|██▊       | 563/2037 [00:36<01:45, 13.91it/s, est. speed input: 8233.47 toks/s, output: 1989.99 toks/s]Processed prompts:  28%|██▊       | 565/2037 [00:36<01:39, 14.75it/s, est. speed input: 8217.80 toks/s, output: 1991.12 toks/s]Processed prompts:  28%|██▊       | 567/2037 [00:36<02:02, 12.02it/s, est. speed input: 8175.94 toks/s, output: 1987.00 toks/s]Processed prompts:  28%|██▊       | 569/2037 [00:37<02:23, 10.21it/s, est. speed input: 8129.11 toks/s, output: 1980.54 toks/s]Processed prompts:  28%|██▊       | 571/2037 [00:37<02:30,  9.75it/s, est. speed input: 8087.32 toks/s, output: 1974.43 toks/s]Processed prompts:  28%|██▊       | 573/2037 [00:37<02:25, 10.08it/s, est. speed input: 8068.42 toks/s, output: 1973.87 toks/s]Processed prompts:  28%|██▊       | 575/2037 [00:37<02:17, 10.64it/s, est. speed input: 8041.94 toks/s, output: 1972.57 toks/s]Processed prompts:  28%|██▊       | 577/2037 [00:37<02:09, 11.28it/s, est. speed input: 8018.03 toks/s, output: 1971.59 toks/s]Processed prompts:  28%|██▊       | 579/2037 [00:38<01:56, 12.56it/s, est. speed input: 8014.37 toks/s, output: 1972.69 toks/s]Processed prompts:  29%|██▊       | 581/2037 [00:38<01:51, 13.02it/s, est. speed input: 7993.26 toks/s, output: 1973.63 toks/s]Processed prompts:  29%|██▊       | 584/2037 [00:38<01:35, 15.14it/s, est. speed input: 7975.90 toks/s, output: 1974.55 toks/s]Processed prompts:  29%|██▉       | 588/2037 [00:38<01:16, 18.88it/s, est. speed input: 8002.08 toks/s, output: 1979.35 toks/s]Processed prompts:  29%|██▉       | 590/2037 [00:38<01:23, 17.31it/s, est. speed input: 7983.95 toks/s, output: 1975.87 toks/s]Processed prompts:  29%|██▉       | 592/2037 [00:38<01:26, 16.65it/s, est. speed input: 7983.37 toks/s, output: 1973.20 toks/s]Processed prompts:  29%|██▉       | 594/2037 [00:38<01:32, 15.58it/s, est. speed input: 8038.82 toks/s, output: 1971.89 toks/s]Processed prompts:  29%|██▉       | 596/2037 [00:39<01:37, 14.84it/s, est. speed input: 8109.48 toks/s, output: 1970.68 toks/s]Processed prompts:  29%|██▉       | 600/2037 [00:39<01:33, 15.32it/s, est. speed input: 8101.21 toks/s, output: 1971.18 toks/s]Processed prompts:  30%|██▉       | 603/2037 [00:39<01:41, 14.16it/s, est. speed input: 8088.84 toks/s, output: 1966.83 toks/s]Processed prompts:  30%|██▉       | 605/2037 [00:39<02:12, 10.83it/s, est. speed input: 8042.47 toks/s, output: 1956.50 toks/s]Processed prompts:  30%|██▉       | 607/2037 [00:40<02:38,  9.00it/s, est. speed input: 8004.90 toks/s, output: 1946.46 toks/s]Processed prompts:  30%|██▉       | 609/2037 [00:40<02:49,  8.41it/s, est. speed input: 7971.97 toks/s, output: 1937.62 toks/s]Processed prompts:  30%|██▉       | 610/2037 [00:40<02:54,  8.17it/s, est. speed input: 7948.35 toks/s, output: 1934.64 toks/s]Processed prompts:  30%|███       | 614/2037 [00:40<02:01, 11.68it/s, est. speed input: 7936.00 toks/s, output: 1940.15 toks/s]Processed prompts:  30%|███       | 616/2037 [00:40<02:02, 11.60it/s, est. speed input: 7911.14 toks/s, output: 1938.19 toks/s]Processed prompts:  30%|███       | 619/2037 [00:41<01:43, 13.68it/s, est. speed input: 7900.34 toks/s, output: 1940.15 toks/s]Processed prompts:  30%|███       | 621/2037 [00:41<01:44, 13.56it/s, est. speed input: 7892.75 toks/s, output: 1938.05 toks/s]Processed prompts:  31%|███       | 623/2037 [00:41<01:57, 12.07it/s, est. speed input: 7862.49 toks/s, output: 1933.64 toks/s]Processed prompts:  31%|███       | 626/2037 [00:41<01:49, 12.85it/s, est. speed input: 7856.73 toks/s, output: 1934.94 toks/s]Processed prompts:  31%|███       | 628/2037 [00:41<01:50, 12.75it/s, est. speed input: 7852.94 toks/s, output: 1932.76 toks/s]Processed prompts:  31%|███       | 630/2037 [00:41<01:42, 13.75it/s, est. speed input: 7838.08 toks/s, output: 1932.09 toks/s]Processed prompts:  31%|███       | 632/2037 [00:42<01:35, 14.68it/s, est. speed input: 7827.47 toks/s, output: 1934.73 toks/s]Processed prompts:  31%|███       | 634/2037 [00:42<01:53, 12.33it/s, est. speed input: 7796.06 toks/s, output: 1931.79 toks/s]Processed prompts:  31%|███       | 636/2037 [00:42<01:45, 13.31it/s, est. speed input: 7892.28 toks/s, output: 1936.30 toks/s]Processed prompts:  31%|███▏      | 638/2037 [00:42<01:38, 14.19it/s, est. speed input: 7882.95 toks/s, output: 1936.69 toks/s]Processed prompts:  31%|███▏      | 640/2037 [00:42<01:32, 15.06it/s, est. speed input: 7905.20 toks/s, output: 1938.51 toks/s]Processed prompts:  32%|███▏      | 643/2037 [00:42<01:37, 14.32it/s, est. speed input: 7877.42 toks/s, output: 1936.76 toks/s]Processed prompts:  32%|███▏      | 645/2037 [00:43<01:33, 14.82it/s, est. speed input: 7869.68 toks/s, output: 1940.07 toks/s]Processed prompts:  32%|███▏      | 649/2037 [00:43<01:21, 17.13it/s, est. speed input: 7889.68 toks/s, output: 1943.72 toks/s]Processed prompts:  32%|███▏      | 653/2037 [00:43<01:20, 17.12it/s, est. speed input: 7885.36 toks/s, output: 1943.51 toks/s]Processed prompts:  32%|███▏      | 655/2037 [00:43<01:20, 17.25it/s, est. speed input: 7926.56 toks/s, output: 1944.97 toks/s]Processed prompts:  32%|███▏      | 657/2037 [00:43<01:19, 17.27it/s, est. speed input: 7923.01 toks/s, output: 1946.41 toks/s]Processed prompts:  32%|███▏      | 659/2037 [00:43<01:29, 15.40it/s, est. speed input: 7912.78 toks/s, output: 1944.26 toks/s]Processed prompts:  32%|███▏      | 662/2037 [00:43<01:20, 17.04it/s, est. speed input: 7898.10 toks/s, output: 1946.38 toks/s]Processed prompts:  33%|███▎      | 664/2037 [00:44<01:24, 16.30it/s, est. speed input: 7886.90 toks/s, output: 1947.32 toks/s]Processed prompts:  33%|███▎      | 666/2037 [00:44<02:22,  9.64it/s, est. speed input: 7816.84 toks/s, output: 1932.70 toks/s]Processed prompts:  33%|███▎      | 668/2037 [00:44<02:28,  9.19it/s, est. speed input: 7780.80 toks/s, output: 1929.09 toks/s]Processed prompts:  33%|███▎      | 670/2037 [00:44<02:12, 10.34it/s, est. speed input: 7784.17 toks/s, output: 1930.14 toks/s]Processed prompts:  33%|███▎      | 674/2037 [00:45<01:42, 13.24it/s, est. speed input: 7781.97 toks/s, output: 1933.04 toks/s]Processed prompts:  33%|███▎      | 676/2037 [00:45<01:37, 13.91it/s, est. speed input: 7825.55 toks/s, output: 1933.82 toks/s]Processed prompts:  33%|███▎      | 682/2037 [00:45<01:12, 18.81it/s, est. speed input: 7853.80 toks/s, output: 1942.14 toks/s]Processed prompts:  34%|███▎      | 684/2037 [00:45<01:12, 18.61it/s, est. speed input: 7876.65 toks/s, output: 1943.73 toks/s]Processed prompts:  34%|███▎      | 686/2037 [00:45<01:14, 18.03it/s, est. speed input: 7885.97 toks/s, output: 1942.94 toks/s]Processed prompts:  34%|███▍      | 688/2037 [00:45<01:16, 17.66it/s, est. speed input: 7874.66 toks/s, output: 1942.03 toks/s]Processed prompts:  34%|███▍      | 690/2037 [00:45<01:20, 16.79it/s, est. speed input: 7857.28 toks/s, output: 1942.58 toks/s]Processed prompts:  34%|███▍      | 692/2037 [00:46<01:19, 16.89it/s, est. speed input: 7859.23 toks/s, output: 1942.44 toks/s]Processed prompts:  34%|███▍      | 694/2037 [00:46<01:51, 12.07it/s, est. speed input: 7887.87 toks/s, output: 1937.32 toks/s]Processed prompts:  34%|███▍      | 697/2037 [00:46<01:29, 14.90it/s, est. speed input: 7901.57 toks/s, output: 1942.28 toks/s]Processed prompts:  34%|███▍      | 700/2037 [00:46<01:30, 14.74it/s, est. speed input: 7891.49 toks/s, output: 1942.09 toks/s]Processed prompts:  34%|███▍      | 702/2037 [00:46<01:28, 15.15it/s, est. speed input: 7883.14 toks/s, output: 1943.20 toks/s]Processed prompts:  35%|███▍      | 707/2037 [00:46<01:02, 21.32it/s, est. speed input: 7911.59 toks/s, output: 1951.25 toks/s]Processed prompts:  35%|███▍      | 710/2037 [00:47<01:13, 18.09it/s, est. speed input: 7901.94 toks/s, output: 1949.04 toks/s]Processed prompts:  35%|███▌      | 713/2037 [00:47<01:09, 19.04it/s, est. speed input: 7889.66 toks/s, output: 1952.17 toks/s]Processed prompts:  35%|███▌      | 716/2037 [00:47<01:05, 20.27it/s, est. speed input: 7877.74 toks/s, output: 1954.41 toks/s]Processed prompts:  35%|███▌      | 719/2037 [00:47<01:45, 12.49it/s, est. speed input: 7872.84 toks/s, output: 1946.50 toks/s]Processed prompts:  35%|███▌      | 721/2037 [00:47<01:37, 13.43it/s, est. speed input: 7901.83 toks/s, output: 1947.99 toks/s]Processed prompts:  35%|███▌      | 723/2037 [00:48<01:41, 12.89it/s, est. speed input: 7896.96 toks/s, output: 1945.27 toks/s]Processed prompts:  36%|███▌      | 725/2037 [00:48<01:53, 11.55it/s, est. speed input: 7868.00 toks/s, output: 1941.93 toks/s]Processed prompts:  36%|███▌      | 727/2037 [00:48<01:42, 12.82it/s, est. speed input: 7864.48 toks/s, output: 1942.40 toks/s]Processed prompts:  36%|███▌      | 729/2037 [00:48<01:36, 13.57it/s, est. speed input: 7851.33 toks/s, output: 1942.54 toks/s]Processed prompts:  36%|███▌      | 731/2037 [00:48<01:30, 14.36it/s, est. speed input: 7843.30 toks/s, output: 1944.68 toks/s]Processed prompts:  36%|███▌      | 736/2037 [00:49<01:31, 14.25it/s, est. speed input: 7831.15 toks/s, output: 1944.32 toks/s]Processed prompts:  36%|███▋      | 739/2037 [00:49<01:45, 12.30it/s, est. speed input: 7795.59 toks/s, output: 1938.68 toks/s]Processed prompts:  36%|███▋      | 741/2037 [00:49<01:41, 12.81it/s, est. speed input: 7784.82 toks/s, output: 1938.85 toks/s]Processed prompts:  36%|███▋      | 743/2037 [00:49<02:20,  9.24it/s, est. speed input: 7743.75 toks/s, output: 1928.97 toks/s]Processed prompts:  37%|███▋      | 745/2037 [00:50<02:05, 10.33it/s, est. speed input: 7734.19 toks/s, output: 1928.55 toks/s]Processed prompts:  37%|███▋      | 747/2037 [00:50<01:53, 11.40it/s, est. speed input: 7721.66 toks/s, output: 1927.94 toks/s]Processed prompts:  37%|███▋      | 749/2037 [00:50<01:45, 12.20it/s, est. speed input: 7709.64 toks/s, output: 1926.81 toks/s]Processed prompts:  37%|███▋      | 751/2037 [00:50<01:48, 11.84it/s, est. speed input: 7702.59 toks/s, output: 1925.57 toks/s]Processed prompts:  37%|███▋      | 754/2037 [00:50<02:15,  9.50it/s, est. speed input: 7672.27 toks/s, output: 1917.24 toks/s]Processed prompts:  37%|███▋      | 756/2037 [00:51<01:58, 10.83it/s, est. speed input: 7662.23 toks/s, output: 1917.93 toks/s]Processed prompts:  37%|███▋      | 758/2037 [00:51<02:08,  9.98it/s, est. speed input: 7635.49 toks/s, output: 1913.41 toks/s]Processed prompts:  37%|███▋      | 760/2037 [00:51<02:44,  7.78it/s, est. speed input: 7582.80 toks/s, output: 1903.74 toks/s]Processed prompts:  37%|███▋      | 761/2037 [00:51<02:43,  7.82it/s, est. speed input: 7568.66 toks/s, output: 1903.18 toks/s]Processed prompts:  37%|███▋      | 762/2037 [00:51<02:40,  7.96it/s, est. speed input: 7554.67 toks/s, output: 1902.90 toks/s]Processed prompts:  37%|███▋      | 763/2037 [00:52<02:43,  7.78it/s, est. speed input: 7546.54 toks/s, output: 1900.08 toks/s]Processed prompts:  38%|███▊      | 764/2037 [00:52<02:38,  8.03it/s, est. speed input: 7533.43 toks/s, output: 1898.72 toks/s]Processed prompts:  38%|███▊      | 766/2037 [00:52<02:02, 10.34it/s, est. speed input: 7523.82 toks/s, output: 1899.12 toks/s]Processed prompts:  38%|███▊      | 768/2037 [00:52<02:09,  9.77it/s, est. speed input: 7526.38 toks/s, output: 1898.62 toks/s]Processed prompts:  38%|███▊      | 771/2037 [00:52<01:34, 13.42it/s, est. speed input: 7542.31 toks/s, output: 1902.59 toks/s]Processed prompts:  38%|███▊      | 773/2037 [00:52<01:42, 12.32it/s, est. speed input: 7538.30 toks/s, output: 1900.60 toks/s]Processed prompts:  38%|███▊      | 776/2037 [00:53<01:32, 13.58it/s, est. speed input: 7531.21 toks/s, output: 1901.08 toks/s]Processed prompts:  38%|███▊      | 780/2037 [00:53<01:11, 17.48it/s, est. speed input: 7530.15 toks/s, output: 1907.73 toks/s]Processed prompts:  38%|███▊      | 784/2037 [00:53<01:30, 13.83it/s, est. speed input: 7487.28 toks/s, output: 1903.72 toks/s]Processed prompts:  39%|███▊      | 786/2037 [00:53<01:42, 12.20it/s, est. speed input: 7473.14 toks/s, output: 1903.09 toks/s]Processed prompts:  39%|███▊      | 788/2037 [00:53<01:41, 12.36it/s, est. speed input: 7457.47 toks/s, output: 1902.57 toks/s]Processed prompts:  39%|███▉      | 790/2037 [00:54<01:33, 13.37it/s, est. speed input: 7450.76 toks/s, output: 1904.23 toks/s]Processed prompts:  39%|███▉      | 792/2037 [00:54<01:27, 14.16it/s, est. speed input: 7440.67 toks/s, output: 1904.83 toks/s]Processed prompts:  39%|███▉      | 794/2037 [00:54<01:33, 13.23it/s, est. speed input: 7421.89 toks/s, output: 1903.39 toks/s]Processed prompts:  39%|███▉      | 796/2037 [00:54<01:26, 14.28it/s, est. speed input: 7450.06 toks/s, output: 1906.75 toks/s]Processed prompts:  39%|███▉      | 798/2037 [00:54<01:39, 12.46it/s, est. speed input: 7425.52 toks/s, output: 1903.26 toks/s]Processed prompts:  39%|███▉      | 800/2037 [00:54<01:38, 12.53it/s, est. speed input: 7419.56 toks/s, output: 1902.31 toks/s]Processed prompts:  39%|███▉      | 804/2037 [00:55<01:25, 14.49it/s, est. speed input: 7416.62 toks/s, output: 1902.75 toks/s]Processed prompts:  40%|███▉      | 806/2037 [00:55<01:21, 15.13it/s, est. speed input: 7406.15 toks/s, output: 1903.48 toks/s]Processed prompts:  40%|███▉      | 808/2037 [00:55<01:28, 13.82it/s, est. speed input: 7387.53 toks/s, output: 1901.50 toks/s]Processed prompts:  40%|███▉      | 810/2037 [00:55<01:51, 11.01it/s, est. speed input: 7377.50 toks/s, output: 1897.95 toks/s]Processed prompts:  40%|███▉      | 814/2037 [00:55<01:24, 14.48it/s, est. speed input: 7404.71 toks/s, output: 1903.45 toks/s]Processed prompts:  40%|████      | 816/2037 [00:55<01:20, 15.18it/s, est. speed input: 7394.22 toks/s, output: 1904.32 toks/s]Processed prompts:  40%|████      | 819/2037 [00:56<01:10, 17.18it/s, est. speed input: 7404.40 toks/s, output: 1906.02 toks/s]Processed prompts:  40%|████      | 821/2037 [00:56<01:21, 14.86it/s, est. speed input: 7391.60 toks/s, output: 1905.17 toks/s]Processed prompts:  40%|████      | 823/2037 [00:56<01:21, 14.85it/s, est. speed input: 7384.11 toks/s, output: 1906.27 toks/s]Processed prompts:  41%|████      | 825/2037 [00:56<01:21, 14.85it/s, est. speed input: 7371.43 toks/s, output: 1905.76 toks/s]Processed prompts:  41%|████      | 827/2037 [00:56<01:43, 11.73it/s, est. speed input: 7342.48 toks/s, output: 1900.95 toks/s]Processed prompts:  41%|████      | 829/2037 [00:56<01:34, 12.77it/s, est. speed input: 7352.69 toks/s, output: 1902.61 toks/s]Processed prompts:  41%|████      | 833/2037 [00:57<01:13, 16.36it/s, est. speed input: 7351.49 toks/s, output: 1910.29 toks/s]Processed prompts:  41%|████      | 835/2037 [00:57<01:27, 13.70it/s, est. speed input: 7327.93 toks/s, output: 1907.56 toks/s]Processed prompts:  41%|████      | 837/2037 [00:57<01:35, 12.63it/s, est. speed input: 7311.97 toks/s, output: 1906.94 toks/s]Processed prompts:  41%|████▏     | 843/2037 [00:57<01:10, 16.88it/s, est. speed input: 7339.33 toks/s, output: 1911.70 toks/s]Processed prompts:  41%|████▏     | 845/2037 [00:57<01:10, 16.97it/s, est. speed input: 7329.68 toks/s, output: 1911.74 toks/s]Processed prompts:  42%|████▏     | 847/2037 [00:57<01:13, 16.29it/s, est. speed input: 7320.04 toks/s, output: 1911.71 toks/s]Processed prompts:  42%|████▏     | 849/2037 [00:58<01:28, 13.43it/s, est. speed input: 7301.49 toks/s, output: 1908.99 toks/s]Processed prompts:  42%|████▏     | 851/2037 [00:58<01:31, 12.91it/s, est. speed input: 7284.14 toks/s, output: 1907.81 toks/s]Processed prompts:  42%|████▏     | 854/2037 [00:58<01:36, 12.31it/s, est. speed input: 7258.55 toks/s, output: 1905.40 toks/s]Processed prompts:  42%|████▏     | 858/2037 [00:59<02:21,  8.33it/s, est. speed input: 7185.28 toks/s, output: 1890.89 toks/s]Processed prompts:  42%|████▏     | 860/2037 [00:59<03:04,  6.37it/s, est. speed input: 7125.81 toks/s, output: 1877.37 toks/s]Processed prompts:  42%|████▏     | 861/2037 [01:00<04:07,  4.75it/s, est. speed input: 7063.23 toks/s, output: 1861.82 toks/s]Processed prompts:  42%|████▏     | 862/2037 [01:00<03:48,  5.15it/s, est. speed input: 7056.60 toks/s, output: 1861.87 toks/s]Processed prompts:  42%|████▏     | 865/2037 [01:00<02:33,  7.61it/s, est. speed input: 7057.73 toks/s, output: 1862.82 toks/s]Processed prompts:  43%|████▎     | 867/2037 [01:00<02:11,  8.90it/s, est. speed input: 7047.66 toks/s, output: 1863.25 toks/s]Processed prompts:  43%|████▎     | 870/2037 [01:01<01:52, 10.40it/s, est. speed input: 7031.31 toks/s, output: 1861.81 toks/s]Processed prompts:  43%|████▎     | 872/2037 [01:01<01:56, 10.01it/s, est. speed input: 7010.55 toks/s, output: 1860.08 toks/s]Processed prompts:  43%|████▎     | 876/2037 [01:01<01:28, 13.08it/s, est. speed input: 7035.28 toks/s, output: 1862.88 toks/s]Processed prompts:  43%|████▎     | 879/2037 [01:01<01:26, 13.36it/s, est. speed input: 7026.15 toks/s, output: 1862.35 toks/s]Processed prompts:  43%|████▎     | 881/2037 [01:01<01:37, 11.84it/s, est. speed input: 7018.93 toks/s, output: 1860.02 toks/s]Processed prompts:  43%|████▎     | 883/2037 [01:02<01:56,  9.89it/s, est. speed input: 6990.35 toks/s, output: 1854.91 toks/s]Processed prompts:  43%|████▎     | 885/2037 [01:02<01:59,  9.67it/s, est. speed input: 6982.38 toks/s, output: 1853.38 toks/s]Processed prompts:  44%|████▎     | 888/2037 [01:02<02:00,  9.53it/s, est. speed input: 6970.42 toks/s, output: 1850.05 toks/s]Processed prompts:  44%|████▎     | 890/2037 [01:02<01:48, 10.59it/s, est. speed input: 6974.26 toks/s, output: 1849.43 toks/s]Processed prompts:  44%|████▍     | 892/2037 [01:03<01:57,  9.74it/s, est. speed input: 6951.86 toks/s, output: 1845.86 toks/s]Processed prompts:  44%|████▍     | 894/2037 [01:03<01:42, 11.13it/s, est. speed input: 6943.30 toks/s, output: 1846.97 toks/s]Processed prompts:  44%|████▍     | 896/2037 [01:03<01:51, 10.22it/s, est. speed input: 6921.59 toks/s, output: 1845.47 toks/s]Processed prompts:  44%|████▍     | 898/2037 [01:03<01:49, 10.42it/s, est. speed input: 6911.83 toks/s, output: 1844.35 toks/s]Processed prompts:  44%|████▍     | 900/2037 [01:03<01:57,  9.65it/s, est. speed input: 6889.58 toks/s, output: 1843.06 toks/s]Processed prompts:  44%|████▍     | 902/2037 [01:04<02:01,  9.35it/s, est. speed input: 6875.81 toks/s, output: 1842.31 toks/s]Processed prompts:  44%|████▍     | 905/2037 [01:04<01:31, 12.35it/s, est. speed input: 6875.05 toks/s, output: 1846.29 toks/s]Processed prompts:  45%|████▍     | 907/2037 [01:04<01:43, 10.93it/s, est. speed input: 6859.25 toks/s, output: 1843.57 toks/s]Processed prompts:  45%|████▍     | 910/2037 [01:05<03:33,  5.27it/s, est. speed input: 6756.65 toks/s, output: 1818.70 toks/s]Processed prompts:  45%|████▍     | 911/2037 [01:05<03:23,  5.53it/s, est. speed input: 6746.60 toks/s, output: 1817.02 toks/s]Processed prompts:  45%|████▍     | 913/2037 [01:05<02:50,  6.61it/s, est. speed input: 6737.30 toks/s, output: 1816.22 toks/s]Processed prompts:  45%|████▌     | 917/2037 [01:06<02:18,  8.10it/s, est. speed input: 6752.18 toks/s, output: 1814.62 toks/s]Processed prompts:  45%|████▌     | 920/2037 [01:06<02:50,  6.57it/s, est. speed input: 6698.20 toks/s, output: 1802.39 toks/s]Processed prompts:  45%|████▌     | 925/2037 [01:07<02:51,  6.50it/s, est. speed input: 6649.34 toks/s, output: 1789.33 toks/s]Processed prompts:  45%|████▌     | 926/2037 [01:07<02:48,  6.61it/s, est. speed input: 6640.64 toks/s, output: 1787.82 toks/s]Processed prompts:  46%|████▌     | 927/2037 [01:08<03:44,  4.95it/s, est. speed input: 6593.16 toks/s, output: 1776.98 toks/s]Processed prompts:  46%|████▌     | 929/2037 [01:08<03:06,  5.94it/s, est. speed input: 6586.85 toks/s, output: 1777.34 toks/s]Processed prompts:  46%|████▌     | 931/2037 [01:09<05:00,  3.69it/s, est. speed input: 6494.76 toks/s, output: 1755.31 toks/s]Processed prompts:  46%|████▌     | 934/2037 [01:10<04:37,  3.98it/s, est. speed input: 6447.05 toks/s, output: 1745.67 toks/s]Processed prompts:  46%|████▌     | 936/2037 [01:10<04:47,  3.83it/s, est. speed input: 6402.01 toks/s, output: 1736.60 toks/s]Processed prompts:  46%|████▌     | 939/2037 [01:11<03:49,  4.78it/s, est. speed input: 6377.32 toks/s, output: 1734.80 toks/s]Processed prompts:  46%|████▌     | 941/2037 [01:11<03:13,  5.65it/s, est. speed input: 6373.34 toks/s, output: 1735.25 toks/s]Processed prompts:  46%|████▋     | 943/2037 [01:11<02:48,  6.50it/s, est. speed input: 6370.31 toks/s, output: 1735.17 toks/s]Processed prompts:  46%|████▋     | 945/2037 [01:11<03:27,  5.26it/s, est. speed input: 6328.84 toks/s, output: 1725.74 toks/s]Processed prompts:  46%|████▋     | 947/2037 [01:12<02:54,  6.25it/s, est. speed input: 6318.42 toks/s, output: 1725.07 toks/s]Processed prompts:  47%|████▋     | 949/2037 [01:12<03:44,  4.85it/s, est. speed input: 6275.06 toks/s, output: 1712.99 toks/s]Processed prompts:  47%|████▋     | 950/2037 [01:12<03:30,  5.15it/s, est. speed input: 6269.71 toks/s, output: 1712.59 toks/s]Processed prompts:  47%|████▋     | 956/2037 [01:13<02:03,  8.78it/s, est. speed input: 6258.02 toks/s, output: 1716.14 toks/s]Processed prompts:  47%|████▋     | 959/2037 [01:13<02:34,  6.96it/s, est. speed input: 6215.68 toks/s, output: 1706.95 toks/s]Processed prompts:  47%|████▋     | 962/2037 [01:14<03:26,  5.19it/s, est. speed input: 6161.38 toks/s, output: 1691.22 toks/s]Processed prompts:  47%|████▋     | 964/2037 [01:15<03:29,  5.13it/s, est. speed input: 6133.93 toks/s, output: 1685.67 toks/s]Processed prompts:  47%|████▋     | 965/2037 [01:15<04:18,  4.15it/s, est. speed input: 6093.69 toks/s, output: 1676.54 toks/s]Processed prompts:  47%|████▋     | 967/2037 [01:15<03:32,  5.05it/s, est. speed input: 6087.47 toks/s, output: 1677.22 toks/s]Processed prompts:  48%|████▊     | 973/2037 [01:17<04:00,  4.43it/s, est. speed input: 5994.49 toks/s, output: 1654.02 toks/s]Processed prompts:  48%|████▊     | 974/2037 [01:18<06:20,  2.79it/s, est. speed input: 5891.37 toks/s, output: 1627.41 toks/s]Processed prompts:  48%|████▊     | 977/2037 [01:19<05:15,  3.36it/s, est. speed input: 5863.54 toks/s, output: 1622.07 toks/s]Processed prompts:  48%|████▊     | 979/2037 [01:19<04:22,  4.02it/s, est. speed input: 5855.20 toks/s, output: 1622.18 toks/s]Processed prompts:  48%|████▊     | 982/2037 [01:20<04:21,  4.04it/s, est. speed input: 5810.42 toks/s, output: 1612.31 toks/s]Processed prompts:  48%|████▊     | 983/2037 [01:20<04:05,  4.29it/s, est. speed input: 5804.37 toks/s, output: 1611.70 toks/s]Processed prompts:  48%|████▊     | 985/2037 [01:20<03:43,  4.70it/s, est. speed input: 5786.02 toks/s, output: 1608.95 toks/s]Processed prompts:  49%|████▊     | 988/2037 [01:20<02:47,  6.25it/s, est. speed input: 5779.64 toks/s, output: 1609.25 toks/s]Processed prompts:  49%|████▊     | 992/2037 [01:21<02:16,  7.64it/s, est. speed input: 5787.55 toks/s, output: 1608.95 toks/s]Processed prompts:  49%|████▉     | 995/2037 [01:22<03:21,  5.17it/s, est. speed input: 5736.78 toks/s, output: 1594.00 toks/s]Processed prompts:  49%|████▉     | 998/2037 [01:23<03:59,  4.35it/s, est. speed input: 5686.15 toks/s, output: 1581.06 toks/s]Processed prompts:  49%|████▉     | 1000/2037 [01:23<03:25,  5.04it/s, est. speed input: 5682.37 toks/s, output: 1580.71 toks/s]Processed prompts:  49%|████▉     | 1001/2037 [01:23<03:17,  5.24it/s, est. speed input: 5674.02 toks/s, output: 1579.84 toks/s]Processed prompts:  49%|████▉     | 1003/2037 [01:23<02:50,  6.07it/s, est. speed input: 5672.88 toks/s, output: 1579.76 toks/s]Processed prompts:  49%|████▉     | 1005/2037 [01:24<02:32,  6.77it/s, est. speed input: 5671.68 toks/s, output: 1579.91 toks/s]Processed prompts:  50%|████▉     | 1011/2037 [01:24<02:29,  6.84it/s, est. speed input: 5639.68 toks/s, output: 1575.12 toks/s]Processed prompts:  50%|████▉     | 1014/2037 [01:25<02:15,  7.54it/s, est. speed input: 5642.78 toks/s, output: 1575.10 toks/s]Processed prompts:  50%|████▉     | 1015/2037 [01:25<02:17,  7.45it/s, est. speed input: 5636.89 toks/s, output: 1574.70 toks/s]Processed prompts:  50%|█████     | 1019/2037 [01:25<01:49,  9.27it/s, est. speed input: 5630.67 toks/s, output: 1575.28 toks/s]Processed prompts:  50%|█████     | 1021/2037 [01:25<01:42,  9.92it/s, est. speed input: 5629.05 toks/s, output: 1576.13 toks/s]Processed prompts:  50%|█████     | 1023/2037 [01:26<02:03,  8.19it/s, est. speed input: 5611.15 toks/s, output: 1572.06 toks/s]Processed prompts:  50%|█████     | 1025/2037 [01:26<01:55,  8.75it/s, est. speed input: 5602.92 toks/s, output: 1571.77 toks/s]Processed prompts:  50%|█████     | 1027/2037 [01:26<01:49,  9.26it/s, est. speed input: 5593.71 toks/s, output: 1571.70 toks/s]Processed prompts:  51%|█████     | 1030/2037 [01:26<01:37, 10.38it/s, est. speed input: 5596.01 toks/s, output: 1573.16 toks/s]Processed prompts:  51%|█████     | 1034/2037 [01:27<01:51,  9.00it/s, est. speed input: 5581.77 toks/s, output: 1567.95 toks/s]Processed prompts:  51%|█████     | 1035/2037 [01:27<01:55,  8.64it/s, est. speed input: 5573.94 toks/s, output: 1566.47 toks/s]Processed prompts:  51%|█████     | 1036/2037 [01:27<02:02,  8.17it/s, est. speed input: 5567.63 toks/s, output: 1565.10 toks/s]Processed prompts:  51%|█████     | 1037/2037 [01:27<02:06,  7.89it/s, est. speed input: 5559.61 toks/s, output: 1564.22 toks/s]Processed prompts:  51%|█████     | 1040/2037 [01:28<02:00,  8.25it/s, est. speed input: 5548.16 toks/s, output: 1562.19 toks/s]Processed prompts:  51%|█████     | 1043/2037 [01:28<02:03,  8.05it/s, est. speed input: 5534.57 toks/s, output: 1559.26 toks/s]Processed prompts:  51%|█████▏    | 1044/2037 [01:28<02:06,  7.82it/s, est. speed input: 5527.18 toks/s, output: 1559.01 toks/s]Processed prompts:  51%|█████▏    | 1047/2037 [01:28<01:47,  9.17it/s, est. speed input: 5516.77 toks/s, output: 1560.04 toks/s]Processed prompts:  51%|█████▏    | 1049/2037 [01:29<01:49,  9.06it/s, est. speed input: 5513.30 toks/s, output: 1559.63 toks/s]Processed prompts:  52%|█████▏    | 1050/2037 [01:29<02:07,  7.77it/s, est. speed input: 5501.93 toks/s, output: 1557.16 toks/s]Processed prompts:  52%|█████▏    | 1051/2037 [01:29<02:10,  7.56it/s, est. speed input: 5494.46 toks/s, output: 1556.25 toks/s]Processed prompts:  52%|█████▏    | 1052/2037 [01:29<02:13,  7.36it/s, est. speed input: 5486.59 toks/s, output: 1555.24 toks/s]Processed prompts:  52%|█████▏    | 1054/2037 [01:29<02:27,  6.66it/s, est. speed input: 5473.85 toks/s, output: 1551.68 toks/s]Processed prompts:  52%|█████▏    | 1056/2037 [01:30<02:09,  7.58it/s, est. speed input: 5469.81 toks/s, output: 1550.99 toks/s]Processed prompts:  52%|█████▏    | 1058/2037 [01:30<02:35,  6.31it/s, est. speed input: 5483.43 toks/s, output: 1546.03 toks/s]Processed prompts:  52%|█████▏    | 1060/2037 [01:30<02:33,  6.35it/s, est. speed input: 5467.68 toks/s, output: 1543.14 toks/s]Processed prompts:  52%|█████▏    | 1063/2037 [01:31<02:06,  7.71it/s, est. speed input: 5459.24 toks/s, output: 1542.50 toks/s]Processed prompts:  52%|█████▏    | 1066/2037 [01:31<01:52,  8.62it/s, est. speed input: 5456.44 toks/s, output: 1541.03 toks/s]Processed prompts:  52%|█████▏    | 1067/2037 [01:31<01:57,  8.24it/s, est. speed input: 5449.45 toks/s, output: 1539.74 toks/s]Processed prompts:  53%|█████▎    | 1070/2037 [01:31<01:40,  9.65it/s, est. speed input: 5447.92 toks/s, output: 1539.40 toks/s]Processed prompts:  53%|█████▎    | 1072/2037 [01:31<01:40,  9.62it/s, est. speed input: 5441.26 toks/s, output: 1538.41 toks/s]Processed prompts:  53%|█████▎    | 1073/2037 [01:32<01:48,  8.89it/s, est. speed input: 5433.51 toks/s, output: 1537.54 toks/s]Processed prompts:  53%|█████▎    | 1076/2037 [01:32<01:36,  9.99it/s, est. speed input: 5429.14 toks/s, output: 1538.14 toks/s]Processed prompts:  53%|█████▎    | 1079/2037 [01:32<01:30, 10.58it/s, est. speed input: 5425.85 toks/s, output: 1538.31 toks/s]Processed prompts:  53%|█████▎    | 1081/2037 [01:32<01:30, 10.62it/s, est. speed input: 5417.95 toks/s, output: 1538.16 toks/s]Processed prompts:  53%|█████▎    | 1083/2037 [01:33<01:29, 10.62it/s, est. speed input: 5411.61 toks/s, output: 1538.23 toks/s]Processed prompts:  53%|█████▎    | 1085/2037 [01:34<03:53,  4.09it/s, est. speed input: 5350.59 toks/s, output: 1521.15 toks/s]Processed prompts:  53%|█████▎    | 1088/2037 [01:35<04:04,  3.89it/s, est. speed input: 5314.81 toks/s, output: 1512.06 toks/s]Processed prompts:  54%|█████▎    | 1091/2037 [01:35<03:04,  5.12it/s, est. speed input: 5351.20 toks/s, output: 1511.81 toks/s]Processed prompts:  54%|█████▎    | 1093/2037 [01:35<02:41,  5.86it/s, est. speed input: 5345.16 toks/s, output: 1511.65 toks/s]Processed prompts:  54%|█████▍    | 1097/2037 [01:36<02:46,  5.65it/s, est. speed input: 5317.85 toks/s, output: 1505.64 toks/s]Processed prompts:  54%|█████▍    | 1100/2037 [01:36<02:39,  5.88it/s, est. speed input: 5297.69 toks/s, output: 1502.57 toks/s]Processed prompts:  54%|█████▍    | 1102/2037 [01:37<02:38,  5.90it/s, est. speed input: 5282.33 toks/s, output: 1501.08 toks/s]Processed prompts:  54%|█████▍    | 1103/2037 [01:37<03:28,  4.48it/s, est. speed input: 5253.54 toks/s, output: 1495.13 toks/s]Processed prompts:  54%|█████▍    | 1105/2037 [01:38<04:25,  3.51it/s, est. speed input: 5217.26 toks/s, output: 1484.52 toks/s]Processed prompts:  54%|█████▍    | 1106/2037 [01:38<04:10,  3.72it/s, est. speed input: 5208.81 toks/s, output: 1483.79 toks/s]Processed prompts:  54%|█████▍    | 1109/2037 [01:39<03:05,  5.01it/s, est. speed input: 5200.25 toks/s, output: 1482.55 toks/s]Processed prompts:  54%|█████▍    | 1110/2037 [01:39<03:12,  4.82it/s, est. speed input: 5190.27 toks/s, output: 1480.00 toks/s]Processed prompts:  55%|█████▍    | 1113/2037 [01:39<02:41,  5.72it/s, est. speed input: 5180.61 toks/s, output: 1477.12 toks/s]Processed prompts:  55%|█████▍    | 1114/2037 [01:39<02:41,  5.71it/s, est. speed input: 5180.93 toks/s, output: 1475.98 toks/s]Processed prompts:  55%|█████▍    | 1115/2037 [01:40<02:43,  5.64it/s, est. speed input: 5173.00 toks/s, output: 1474.94 toks/s]Processed prompts:  55%|█████▍    | 1120/2037 [01:40<02:09,  7.08it/s, est. speed input: 5181.48 toks/s, output: 1472.69 toks/s]Processed prompts:  55%|█████▌    | 1121/2037 [01:40<02:14,  6.81it/s, est. speed input: 5173.59 toks/s, output: 1472.32 toks/s]Processed prompts:  55%|█████▌    | 1125/2037 [01:41<01:58,  7.73it/s, est. speed input: 5217.33 toks/s, output: 1470.82 toks/s]Processed prompts:  55%|█████▌    | 1129/2037 [01:41<01:47,  8.49it/s, est. speed input: 5208.53 toks/s, output: 1469.62 toks/s]Processed prompts:  56%|█████▌    | 1131/2037 [01:42<02:05,  7.25it/s, est. speed input: 5192.16 toks/s, output: 1466.42 toks/s]Processed prompts:  56%|█████▌    | 1135/2037 [01:42<02:19,  6.47it/s, est. speed input: 5164.35 toks/s, output: 1460.78 toks/s]Processed prompts:  56%|█████▌    | 1138/2037 [01:43<02:11,  6.85it/s, est. speed input: 5166.04 toks/s, output: 1459.48 toks/s]Processed prompts:  56%|█████▌    | 1140/2037 [01:43<02:21,  6.34it/s, est. speed input: 5149.25 toks/s, output: 1456.24 toks/s]Processed prompts:  56%|█████▌    | 1141/2037 [01:43<02:24,  6.20it/s, est. speed input: 5144.18 toks/s, output: 1454.70 toks/s]Processed prompts:  56%|█████▌    | 1142/2037 [01:43<02:27,  6.08it/s, est. speed input: 5143.43 toks/s, output: 1454.00 toks/s]Processed prompts:  56%|█████▌    | 1145/2037 [01:44<02:04,  7.17it/s, est. speed input: 5137.77 toks/s, output: 1452.98 toks/s]Processed prompts:  56%|█████▋    | 1146/2037 [01:44<02:39,  5.60it/s, est. speed input: 5123.20 toks/s, output: 1448.70 toks/s]Processed prompts:  56%|█████▋    | 1148/2037 [01:44<02:34,  5.76it/s, est. speed input: 5140.58 toks/s, output: 1446.46 toks/s]Processed prompts:  57%|█████▋    | 1153/2037 [01:46<03:15,  4.52it/s, est. speed input: 5094.72 toks/s, output: 1433.81 toks/s]Processed prompts:  57%|█████▋    | 1154/2037 [01:46<04:04,  3.62it/s, est. speed input: 5065.83 toks/s, output: 1426.50 toks/s]Processed prompts:  57%|█████▋    | 1156/2037 [01:47<03:34,  4.12it/s, est. speed input: 5059.83 toks/s, output: 1425.12 toks/s]Processed prompts:  57%|█████▋    | 1159/2037 [01:47<02:48,  5.20it/s, est. speed input: 5082.88 toks/s, output: 1425.00 toks/s]Processed prompts:  57%|█████▋    | 1163/2037 [01:47<02:15,  6.44it/s, est. speed input: 5075.84 toks/s, output: 1424.39 toks/s]Processed prompts:  57%|█████▋    | 1164/2037 [01:48<02:19,  6.25it/s, est. speed input: 5070.76 toks/s, output: 1423.02 toks/s]Processed prompts:  57%|█████▋    | 1168/2037 [01:48<02:10,  6.68it/s, est. speed input: 5101.97 toks/s, output: 1421.19 toks/s]Processed prompts:  57%|█████▋    | 1170/2037 [01:49<03:10,  4.54it/s, est. speed input: 5067.43 toks/s, output: 1411.24 toks/s]Processed prompts:  58%|█████▊    | 1173/2037 [01:50<03:16,  4.40it/s, est. speed input: 5045.61 toks/s, output: 1404.80 toks/s]Processed prompts:  58%|█████▊    | 1174/2037 [01:50<03:13,  4.45it/s, est. speed input: 5038.38 toks/s, output: 1404.57 toks/s]Processed prompts:  58%|█████▊    | 1177/2037 [01:50<02:42,  5.29it/s, est. speed input: 5052.23 toks/s, output: 1403.15 toks/s]Processed prompts:  58%|█████▊    | 1179/2037 [01:51<02:25,  5.91it/s, est. speed input: 5048.26 toks/s, output: 1402.56 toks/s]Processed prompts:  58%|█████▊    | 1180/2037 [01:51<02:28,  5.78it/s, est. speed input: 5067.55 toks/s, output: 1400.92 toks/s]Processed prompts:  58%|█████▊    | 1181/2037 [01:51<02:31,  5.64it/s, est. speed input: 5059.98 toks/s, output: 1399.96 toks/s]Processed prompts:  58%|█████▊    | 1185/2037 [01:51<01:54,  7.42it/s, est. speed input: 5058.85 toks/s, output: 1398.77 toks/s]Processed prompts:  58%|█████▊    | 1187/2037 [01:52<02:35,  5.48it/s, est. speed input: 5049.39 toks/s, output: 1394.76 toks/s]Processed prompts:  58%|█████▊    | 1190/2037 [01:52<02:30,  5.63it/s, est. speed input: 5035.33 toks/s, output: 1392.03 toks/s]Processed prompts:  59%|█████▊    | 1194/2037 [01:53<02:01,  6.92it/s, est. speed input: 5081.61 toks/s, output: 1391.53 toks/s]Processed prompts:  59%|█████▊    | 1196/2037 [01:53<02:00,  6.96it/s, est. speed input: 5073.76 toks/s, output: 1390.62 toks/s]Processed prompts:  59%|█████▉    | 1203/2037 [01:54<01:37,  8.54it/s, est. speed input: 5110.86 toks/s, output: 1389.78 toks/s]Processed prompts:  59%|█████▉    | 1204/2037 [01:54<01:44,  8.00it/s, est. speed input: 5104.65 toks/s, output: 1388.76 toks/s]Processed prompts:  59%|█████▉    | 1207/2037 [01:54<01:35,  8.65it/s, est. speed input: 5118.27 toks/s, output: 1388.93 toks/s]Processed prompts:  59%|█████▉    | 1208/2037 [01:55<02:21,  5.88it/s, est. speed input: 5094.95 toks/s, output: 1383.72 toks/s]Processed prompts:  59%|█████▉    | 1210/2037 [01:55<02:08,  6.41it/s, est. speed input: 5114.43 toks/s, output: 1383.46 toks/s]Processed prompts:  59%|█████▉    | 1212/2037 [01:56<02:32,  5.41it/s, est. speed input: 5096.50 toks/s, output: 1379.76 toks/s]Processed prompts:  60%|█████▉    | 1213/2037 [01:56<02:37,  5.24it/s, est. speed input: 5113.57 toks/s, output: 1378.23 toks/s]Processed prompts:  60%|█████▉    | 1214/2037 [01:56<02:41,  5.08it/s, est. speed input: 5105.63 toks/s, output: 1377.21 toks/s]Processed prompts:  60%|█████▉    | 1216/2037 [01:56<02:16,  6.03it/s, est. speed input: 5126.56 toks/s, output: 1376.89 toks/s]Processed prompts:  60%|█████▉    | 1218/2037 [01:56<01:59,  6.84it/s, est. speed input: 5147.47 toks/s, output: 1376.49 toks/s]Processed prompts:  60%|█████▉    | 1220/2037 [01:57<01:58,  6.87it/s, est. speed input: 5142.06 toks/s, output: 1374.88 toks/s]Processed prompts:  60%|█████▉    | 1222/2037 [01:58<03:17,  4.13it/s, est. speed input: 5111.54 toks/s, output: 1366.60 toks/s]Processed prompts:  60%|██████    | 1224/2037 [01:58<02:59,  4.54it/s, est. speed input: 5106.64 toks/s, output: 1365.36 toks/s]Processed prompts:  60%|██████    | 1227/2037 [01:58<02:15,  5.97it/s, est. speed input: 5105.06 toks/s, output: 1365.24 toks/s]Processed prompts:  60%|██████    | 1228/2037 [01:58<02:17,  5.87it/s, est. speed input: 5098.42 toks/s, output: 1364.80 toks/s]Processed prompts:  60%|██████    | 1229/2037 [01:59<02:20,  5.75it/s, est. speed input: 5093.88 toks/s, output: 1363.66 toks/s]Processed prompts:  60%|██████    | 1231/2037 [01:59<02:01,  6.62it/s, est. speed input: 5097.48 toks/s, output: 1363.08 toks/s]Processed prompts:  61%|██████    | 1234/2037 [01:59<01:39,  8.10it/s, est. speed input: 5112.73 toks/s, output: 1362.94 toks/s]Processed prompts:  61%|██████    | 1236/2037 [01:59<01:34,  8.44it/s, est. speed input: 5110.70 toks/s, output: 1362.51 toks/s]Processed prompts:  61%|██████    | 1240/2037 [02:00<01:19, 10.03it/s, est. speed input: 5119.55 toks/s, output: 1363.17 toks/s]Processed prompts:  61%|██████    | 1242/2037 [02:01<02:28,  5.35it/s, est. speed input: 5086.01 toks/s, output: 1355.47 toks/s]Processed prompts:  61%|██████    | 1245/2037 [02:01<02:09,  6.10it/s, est. speed input: 5103.59 toks/s, output: 1354.69 toks/s]Processed prompts:  61%|██████    | 1247/2037 [02:01<02:00,  6.58it/s, est. speed input: 5102.24 toks/s, output: 1354.01 toks/s]Processed prompts:  61%|██████▏   | 1249/2037 [02:01<01:59,  6.58it/s, est. speed input: 5098.20 toks/s, output: 1352.50 toks/s]Processed prompts:  61%|██████▏   | 1250/2037 [02:02<02:03,  6.35it/s, est. speed input: 5093.85 toks/s, output: 1351.64 toks/s]Processed prompts:  62%|██████▏   | 1253/2037 [02:02<02:00,  6.49it/s, est. speed input: 5085.61 toks/s, output: 1349.56 toks/s]Processed prompts:  62%|██████▏   | 1254/2037 [02:02<02:14,  5.83it/s, est. speed input: 5078.16 toks/s, output: 1347.95 toks/s]Processed prompts:  62%|██████▏   | 1255/2037 [02:03<02:23,  5.45it/s, est. speed input: 5077.39 toks/s, output: 1346.03 toks/s]Processed prompts:  62%|██████▏   | 1256/2037 [02:03<02:23,  5.43it/s, est. speed input: 5074.42 toks/s, output: 1345.02 toks/s]Processed prompts:  62%|██████▏   | 1257/2037 [02:03<02:24,  5.41it/s, est. speed input: 5070.16 toks/s, output: 1344.23 toks/s]Processed prompts:  62%|██████▏   | 1259/2037 [02:03<02:23,  5.43it/s, est. speed input: 5070.42 toks/s, output: 1342.49 toks/s]Processed prompts:  62%|██████▏   | 1263/2037 [02:04<01:43,  7.47it/s, est. speed input: 5073.19 toks/s, output: 1342.39 toks/s]Processed prompts:  62%|██████▏   | 1264/2037 [02:04<01:50,  7.02it/s, est. speed input: 5068.95 toks/s, output: 1341.38 toks/s]Processed prompts:  62%|██████▏   | 1267/2037 [02:04<01:32,  8.36it/s, est. speed input: 5068.60 toks/s, output: 1341.33 toks/s]Processed prompts:  62%|██████▏   | 1268/2037 [02:04<01:53,  6.80it/s, est. speed input: 5081.87 toks/s, output: 1339.48 toks/s]Processed prompts:  62%|██████▏   | 1271/2037 [02:05<01:46,  7.21it/s, est. speed input: 5076.57 toks/s, output: 1338.66 toks/s]Processed prompts:  62%|██████▏   | 1272/2037 [02:05<01:52,  6.79it/s, est. speed input: 5072.23 toks/s, output: 1337.68 toks/s]Processed prompts:  62%|██████▏   | 1273/2037 [02:05<02:00,  6.33it/s, est. speed input: 5065.95 toks/s, output: 1337.39 toks/s]Processed prompts:  63%|██████▎   | 1275/2037 [02:05<01:49,  6.97it/s, est. speed input: 5065.29 toks/s, output: 1336.88 toks/s]Processed prompts:  63%|██████▎   | 1276/2037 [02:06<01:55,  6.58it/s, est. speed input: 5061.18 toks/s, output: 1335.57 toks/s]Processed prompts:  63%|██████▎   | 1277/2037 [02:06<02:02,  6.19it/s, est. speed input: 5056.70 toks/s, output: 1334.57 toks/s]Processed prompts:  63%|██████▎   | 1278/2037 [02:06<02:07,  5.98it/s, est. speed input: 5052.63 toks/s, output: 1333.47 toks/s]Processed prompts:  63%|██████▎   | 1279/2037 [02:06<02:17,  5.53it/s, est. speed input: 5044.81 toks/s, output: 1332.75 toks/s]Processed prompts:  63%|██████▎   | 1281/2037 [02:06<01:53,  6.65it/s, est. speed input: 5042.86 toks/s, output: 1332.90 toks/s]Processed prompts:  63%|██████▎   | 1283/2037 [02:07<01:47,  6.99it/s, est. speed input: 5072.05 toks/s, output: 1332.39 toks/s]Processed prompts:  63%|██████▎   | 1284/2037 [02:07<01:54,  6.56it/s, est. speed input: 5067.89 toks/s, output: 1331.71 toks/s]Processed prompts:  63%|██████▎   | 1286/2037 [02:07<02:37,  4.78it/s, est. speed input: 5051.51 toks/s, output: 1327.78 toks/s]Processed prompts:  63%|██████▎   | 1289/2037 [02:08<02:28,  5.04it/s, est. speed input: 5037.60 toks/s, output: 1325.84 toks/s]Processed prompts:  63%|██████▎   | 1291/2037 [02:08<02:14,  5.54it/s, est. speed input: 5034.02 toks/s, output: 1325.15 toks/s]Processed prompts:  63%|██████▎   | 1293/2037 [02:09<02:57,  4.19it/s, est. speed input: 5014.46 toks/s, output: 1319.74 toks/s]Processed prompts:  64%|██████▎   | 1295/2037 [02:10<04:16,  2.89it/s, est. speed input: 4978.24 toks/s, output: 1309.42 toks/s]Processed prompts:  64%|██████▎   | 1296/2037 [02:10<03:59,  3.10it/s, est. speed input: 4974.08 toks/s, output: 1308.35 toks/s]Processed prompts:  64%|██████▎   | 1298/2037 [02:12<05:09,  2.39it/s, est. speed input: 4935.63 toks/s, output: 1297.95 toks/s]Processed prompts:  64%|██████▍   | 1299/2037 [02:12<04:48,  2.56it/s, est. speed input: 4929.27 toks/s, output: 1296.46 toks/s]Processed prompts:  64%|██████▍   | 1301/2037 [02:12<03:46,  3.24it/s, est. speed input: 4924.79 toks/s, output: 1295.83 toks/s]Processed prompts:  64%|██████▍   | 1304/2037 [02:13<03:28,  3.51it/s, est. speed input: 4927.36 toks/s, output: 1291.71 toks/s]Processed prompts:  64%|██████▍   | 1306/2037 [02:13<03:01,  4.03it/s, est. speed input: 4925.38 toks/s, output: 1290.96 toks/s]Processed prompts:  64%|██████▍   | 1307/2037 [02:14<03:08,  3.87it/s, est. speed input: 4917.25 toks/s, output: 1288.95 toks/s]Processed prompts:  64%|██████▍   | 1309/2037 [02:14<03:01,  4.02it/s, est. speed input: 4916.09 toks/s, output: 1286.52 toks/s]Processed prompts:  64%|██████▍   | 1312/2037 [02:15<02:55,  4.12it/s, est. speed input: 4904.98 toks/s, output: 1282.01 toks/s]Processed prompts:  64%|██████▍   | 1313/2037 [02:15<02:51,  4.21it/s, est. speed input: 4908.16 toks/s, output: 1280.70 toks/s]Processed prompts:  65%|██████▍   | 1314/2037 [02:15<02:48,  4.30it/s, est. speed input: 4911.33 toks/s, output: 1279.47 toks/s]Processed prompts:  65%|██████▍   | 1316/2037 [02:16<02:25,  4.96it/s, est. speed input: 4908.38 toks/s, output: 1278.75 toks/s]Processed prompts:  65%|██████▍   | 1319/2037 [02:16<02:35,  4.63it/s, est. speed input: 4901.19 toks/s, output: 1275.20 toks/s]Processed prompts:  65%|██████▍   | 1320/2037 [02:17<02:43,  4.37it/s, est. speed input: 4893.91 toks/s, output: 1273.42 toks/s]Processed prompts:  65%|██████▍   | 1322/2037 [02:17<02:18,  5.17it/s, est. speed input: 4892.65 toks/s, output: 1272.89 toks/s]Processed prompts:  65%|██████▌   | 1327/2037 [02:18<02:05,  5.68it/s, est. speed input: 4887.83 toks/s, output: 1269.75 toks/s]Processed prompts:  65%|██████▌   | 1328/2037 [02:18<02:17,  5.16it/s, est. speed input: 4881.81 toks/s, output: 1267.74 toks/s]Processed prompts:  65%|██████▌   | 1329/2037 [02:18<02:43,  4.33it/s, est. speed input: 4876.88 toks/s, output: 1264.89 toks/s]Processed prompts:  65%|██████▌   | 1334/2037 [02:20<03:12,  3.65it/s, est. speed input: 4885.16 toks/s, output: 1255.58 toks/s]Processed prompts:  66%|██████▌   | 1335/2037 [02:20<03:20,  3.50it/s, est. speed input: 4876.34 toks/s, output: 1253.77 toks/s]Processed prompts:  66%|██████▌   | 1338/2037 [02:21<02:40,  4.35it/s, est. speed input: 4931.40 toks/s, output: 1253.98 toks/s]Processed prompts:  66%|██████▌   | 1341/2037 [02:21<02:08,  5.40it/s, est. speed input: 4949.22 toks/s, output: 1254.34 toks/s]Processed prompts:  66%|██████▌   | 1342/2037 [02:21<02:10,  5.32it/s, est. speed input: 4945.01 toks/s, output: 1253.60 toks/s]Processed prompts:  66%|██████▌   | 1344/2037 [02:22<02:36,  4.44it/s, est. speed input: 4928.79 toks/s, output: 1250.31 toks/s]Processed prompts:  66%|██████▌   | 1348/2037 [02:23<02:42,  4.23it/s, est. speed input: 4921.73 toks/s, output: 1246.06 toks/s]Processed prompts:  66%|██████▋   | 1351/2037 [02:23<02:13,  5.15it/s, est. speed input: 4923.32 toks/s, output: 1245.68 toks/s]Processed prompts:  66%|██████▋   | 1353/2037 [02:24<02:18,  4.94it/s, est. speed input: 4914.68 toks/s, output: 1243.04 toks/s]Processed prompts:  66%|██████▋   | 1354/2037 [02:24<02:19,  4.90it/s, est. speed input: 4916.09 toks/s, output: 1242.01 toks/s]Processed prompts:  67%|██████▋   | 1356/2037 [02:25<03:21,  3.38it/s, est. speed input: 4888.33 toks/s, output: 1234.95 toks/s]Processed prompts:  67%|██████▋   | 1360/2037 [02:27<04:00,  2.82it/s, est. speed input: 4845.32 toks/s, output: 1223.93 toks/s]Processed prompts:  67%|██████▋   | 1363/2037 [02:28<04:08,  2.71it/s, est. speed input: 4820.63 toks/s, output: 1217.03 toks/s]Processed prompts:  67%|██████▋   | 1366/2037 [02:28<03:15,  3.44it/s, est. speed input: 4820.60 toks/s, output: 1216.30 toks/s]Processed prompts:  67%|██████▋   | 1368/2037 [02:29<03:41,  3.03it/s, est. speed input: 4797.98 toks/s, output: 1210.31 toks/s]Processed prompts:  67%|██████▋   | 1371/2037 [02:30<03:22,  3.30it/s, est. speed input: 4785.25 toks/s, output: 1206.93 toks/s]Processed prompts:  68%|██████▊   | 1377/2037 [02:32<03:20,  3.30it/s, est. speed input: 4767.23 toks/s, output: 1197.50 toks/s]Processed prompts:  68%|██████▊   | 1380/2037 [02:33<03:57,  2.77it/s, est. speed input: 4729.88 toks/s, output: 1187.55 toks/s]Processed prompts:  68%|██████▊   | 1383/2037 [02:34<03:16,  3.34it/s, est. speed input: 4728.11 toks/s, output: 1186.92 toks/s]Processed prompts:  68%|██████▊   | 1387/2037 [02:34<02:40,  4.05it/s, est. speed input: 4742.00 toks/s, output: 1184.75 toks/s]Processed prompts:  68%|██████▊   | 1389/2037 [02:35<02:36,  4.14it/s, est. speed input: 4740.82 toks/s, output: 1182.94 toks/s]Processed prompts:  68%|██████▊   | 1391/2037 [02:35<02:26,  4.40it/s, est. speed input: 4735.53 toks/s, output: 1181.64 toks/s]Processed prompts:  68%|██████▊   | 1394/2037 [02:35<02:01,  5.28it/s, est. speed input: 4751.07 toks/s, output: 1181.94 toks/s]Processed prompts:  69%|██████▊   | 1397/2037 [02:36<01:44,  6.12it/s, est. speed input: 4754.65 toks/s, output: 1181.79 toks/s]Processed prompts:  69%|██████▉   | 1402/2037 [02:37<01:57,  5.42it/s, est. speed input: 4755.36 toks/s, output: 1177.53 toks/s]Processed prompts:  69%|██████▉   | 1404/2037 [02:37<01:59,  5.31it/s, est. speed input: 4749.43 toks/s, output: 1175.97 toks/s]Processed prompts:  69%|██████▉   | 1405/2037 [02:37<02:05,  5.04it/s, est. speed input: 4743.95 toks/s, output: 1175.14 toks/s]Processed prompts:  69%|██████▉   | 1408/2037 [02:38<01:50,  5.71it/s, est. speed input: 4763.24 toks/s, output: 1174.78 toks/s]Processed prompts:  69%|██████▉   | 1410/2037 [02:38<01:44,  5.98it/s, est. speed input: 4760.59 toks/s, output: 1174.71 toks/s]Processed prompts:  69%|██████▉   | 1413/2037 [02:39<01:48,  5.77it/s, est. speed input: 4761.60 toks/s, output: 1173.37 toks/s]Processed prompts:  70%|██████▉   | 1417/2037 [02:39<01:40,  6.18it/s, est. speed input: 4779.92 toks/s, output: 1172.47 toks/s]Processed prompts:  70%|██████▉   | 1420/2037 [02:40<01:41,  6.11it/s, est. speed input: 4774.91 toks/s, output: 1171.46 toks/s]Processed prompts:  70%|██████▉   | 1421/2037 [02:40<01:48,  5.66it/s, est. speed input: 4769.58 toks/s, output: 1170.57 toks/s]Processed prompts:  70%|██████▉   | 1424/2037 [02:40<01:35,  6.45it/s, est. speed input: 4773.80 toks/s, output: 1170.50 toks/s]Processed prompts:  70%|██████▉   | 1425/2037 [02:41<01:59,  5.14it/s, est. speed input: 4764.59 toks/s, output: 1168.47 toks/s]Processed prompts:  70%|███████   | 1429/2037 [02:41<01:46,  5.72it/s, est. speed input: 4767.23 toks/s, output: 1168.07 toks/s]Processed prompts:  70%|███████   | 1432/2037 [02:43<02:46,  3.64it/s, est. speed input: 4733.54 toks/s, output: 1160.20 toks/s]Processed prompts:  70%|███████   | 1435/2037 [02:43<02:28,  4.06it/s, est. speed input: 4726.57 toks/s, output: 1158.55 toks/s]Processed prompts:  70%|███████   | 1436/2037 [02:44<02:32,  3.94it/s, est. speed input: 4720.40 toks/s, output: 1157.52 toks/s]Processed prompts:  71%|███████   | 1438/2037 [02:44<02:25,  4.11it/s, est. speed input: 4713.15 toks/s, output: 1156.18 toks/s]Processed prompts:  71%|███████   | 1439/2037 [02:44<02:25,  4.10it/s, est. speed input: 4715.03 toks/s, output: 1155.23 toks/s]Processed prompts:  71%|███████   | 1440/2037 [02:45<02:30,  3.96it/s, est. speed input: 4711.34 toks/s, output: 1153.91 toks/s]Processed prompts:  71%|███████   | 1441/2037 [02:45<02:29,  3.97it/s, est. speed input: 4706.62 toks/s, output: 1152.86 toks/s]Processed prompts:  71%|███████   | 1442/2037 [02:45<02:29,  3.99it/s, est. speed input: 4705.40 toks/s, output: 1151.96 toks/s]Processed prompts:  71%|███████   | 1445/2037 [02:45<01:58,  4.98it/s, est. speed input: 4716.49 toks/s, output: 1151.02 toks/s]Processed prompts:  71%|███████   | 1446/2037 [02:46<02:14,  4.39it/s, est. speed input: 4709.38 toks/s, output: 1149.56 toks/s]Processed prompts:  71%|███████   | 1448/2037 [02:46<02:36,  3.77it/s, est. speed input: 4695.63 toks/s, output: 1146.46 toks/s]Processed prompts:  71%|███████   | 1450/2037 [02:47<02:51,  3.42it/s, est. speed input: 4706.25 toks/s, output: 1143.01 toks/s]Processed prompts:  71%|███████   | 1451/2037 [02:47<02:50,  3.44it/s, est. speed input: 4700.84 toks/s, output: 1141.85 toks/s]Processed prompts:  71%|███████▏  | 1452/2037 [02:48<02:45,  3.53it/s, est. speed input: 4696.22 toks/s, output: 1140.75 toks/s]Processed prompts:  71%|███████▏  | 1453/2037 [02:48<02:49,  3.45it/s, est. speed input: 4690.58 toks/s, output: 1139.47 toks/s]Processed prompts:  71%|███████▏  | 1455/2037 [02:48<02:15,  4.31it/s, est. speed input: 4688.73 toks/s, output: 1139.05 toks/s]Processed prompts:  71%|███████▏  | 1456/2037 [02:49<02:16,  4.25it/s, est. speed input: 4690.59 toks/s, output: 1138.16 toks/s]Processed prompts:  72%|███████▏  | 1457/2037 [02:49<02:17,  4.20it/s, est. speed input: 4687.00 toks/s, output: 1137.53 toks/s]Processed prompts:  72%|███████▏  | 1460/2037 [02:49<01:54,  5.02it/s, est. speed input: 4690.44 toks/s, output: 1136.88 toks/s]Processed prompts:  72%|███████▏  | 1462/2037 [02:50<02:03,  4.65it/s, est. speed input: 4687.93 toks/s, output: 1135.80 toks/s]Processed prompts:  72%|███████▏  | 1466/2037 [02:50<01:46,  5.36it/s, est. speed input: 4683.61 toks/s, output: 1134.73 toks/s]Processed prompts:  72%|███████▏  | 1469/2037 [02:51<01:45,  5.40it/s, est. speed input: 4676.10 toks/s, output: 1133.50 toks/s]Processed prompts:  72%|███████▏  | 1472/2037 [02:51<01:34,  5.96it/s, est. speed input: 4674.66 toks/s, output: 1132.78 toks/s]Processed prompts:  72%|███████▏  | 1473/2037 [02:52<01:45,  5.33it/s, est. speed input: 4669.28 toks/s, output: 1131.46 toks/s]Processed prompts:  72%|███████▏  | 1476/2037 [02:52<01:28,  6.33it/s, est. speed input: 4667.98 toks/s, output: 1131.64 toks/s]Processed prompts:  73%|███████▎  | 1477/2037 [02:52<01:45,  5.28it/s, est. speed input: 4661.00 toks/s, output: 1130.16 toks/s]Processed prompts:  73%|███████▎  | 1479/2037 [02:53<02:10,  4.29it/s, est. speed input: 4653.68 toks/s, output: 1127.74 toks/s]Processed prompts:  73%|███████▎  | 1482/2037 [02:53<01:43,  5.35it/s, est. speed input: 4653.71 toks/s, output: 1127.69 toks/s]Processed prompts:  73%|███████▎  | 1485/2037 [02:54<01:53,  4.86it/s, est. speed input: 4642.73 toks/s, output: 1125.53 toks/s]Processed prompts:  73%|███████▎  | 1488/2037 [02:55<01:47,  5.11it/s, est. speed input: 4636.00 toks/s, output: 1124.91 toks/s]Processed prompts:  73%|███████▎  | 1490/2037 [02:55<01:49,  4.98it/s, est. speed input: 4633.24 toks/s, output: 1123.78 toks/s]Processed prompts:  73%|███████▎  | 1494/2037 [02:56<01:31,  5.92it/s, est. speed input: 4645.20 toks/s, output: 1123.96 toks/s]Processed prompts:  73%|███████▎  | 1495/2037 [02:56<01:42,  5.31it/s, est. speed input: 4639.18 toks/s, output: 1122.75 toks/s]Processed prompts:  74%|███████▎  | 1499/2037 [02:56<01:25,  6.31it/s, est. speed input: 4636.90 toks/s, output: 1122.48 toks/s]Processed prompts:  74%|███████▍  | 1503/2037 [02:57<01:23,  6.36it/s, est. speed input: 4637.85 toks/s, output: 1121.67 toks/s]Processed prompts:  74%|███████▍  | 1505/2037 [02:57<01:21,  6.50it/s, est. speed input: 4635.91 toks/s, output: 1121.17 toks/s]Processed prompts:  74%|███████▍  | 1508/2037 [02:58<01:16,  6.90it/s, est. speed input: 4635.89 toks/s, output: 1120.46 toks/s]Processed prompts:  74%|███████▍  | 1511/2037 [02:58<01:12,  7.28it/s, est. speed input: 4648.77 toks/s, output: 1119.98 toks/s]Processed prompts:  74%|███████▍  | 1513/2037 [02:59<01:35,  5.48it/s, est. speed input: 4636.92 toks/s, output: 1117.30 toks/s]Processed prompts:  74%|███████▍  | 1514/2037 [02:59<01:40,  5.19it/s, est. speed input: 4635.17 toks/s, output: 1116.33 toks/s]Processed prompts:  74%|███████▍  | 1515/2037 [02:59<01:45,  4.93it/s, est. speed input: 4646.00 toks/s, output: 1116.29 toks/s]Processed prompts:  74%|███████▍  | 1517/2037 [02:59<01:35,  5.42it/s, est. speed input: 4670.21 toks/s, output: 1116.06 toks/s]Processed prompts:  75%|███████▍  | 1519/2037 [03:00<01:32,  5.61it/s, est. speed input: 4667.05 toks/s, output: 1115.40 toks/s]Processed prompts:  75%|███████▍  | 1524/2037 [03:00<01:10,  7.32it/s, est. speed input: 4670.98 toks/s, output: 1115.66 toks/s]Processed prompts:  75%|███████▍  | 1527/2037 [03:01<01:11,  7.09it/s, est. speed input: 4671.05 toks/s, output: 1114.57 toks/s]Processed prompts:  75%|███████▌  | 1528/2037 [03:01<01:18,  6.45it/s, est. speed input: 4666.99 toks/s, output: 1113.92 toks/s]Processed prompts:  75%|███████▌  | 1531/2037 [03:01<01:06,  7.56it/s, est. speed input: 4672.68 toks/s, output: 1114.22 toks/s]Processed prompts:  75%|███████▌  | 1533/2037 [03:02<01:07,  7.49it/s, est. speed input: 4671.68 toks/s, output: 1113.90 toks/s]Processed prompts:  75%|███████▌  | 1534/2037 [03:02<01:16,  6.61it/s, est. speed input: 4668.69 toks/s, output: 1113.38 toks/s]Processed prompts:  76%|███████▌  | 1539/2037 [03:02<01:00,  8.30it/s, est. speed input: 4673.95 toks/s, output: 1114.94 toks/s]Processed prompts:  76%|███████▌  | 1543/2037 [03:03<00:53,  9.24it/s, est. speed input: 4674.25 toks/s, output: 1115.64 toks/s]Processed prompts:  76%|███████▌  | 1545/2037 [03:03<01:05,  7.56it/s, est. speed input: 4667.51 toks/s, output: 1114.41 toks/s]Processed prompts:  76%|███████▌  | 1547/2037 [03:03<01:10,  6.92it/s, est. speed input: 4663.42 toks/s, output: 1113.35 toks/s]Processed prompts:  76%|███████▌  | 1548/2037 [03:04<01:19,  6.13it/s, est. speed input: 4673.41 toks/s, output: 1113.44 toks/s]Processed prompts:  76%|███████▌  | 1549/2037 [03:04<01:27,  5.59it/s, est. speed input: 4669.18 toks/s, output: 1112.67 toks/s]Processed prompts:  76%|███████▌  | 1550/2037 [03:04<01:39,  4.88it/s, est. speed input: 4663.58 toks/s, output: 1111.66 toks/s]Processed prompts:  76%|███████▌  | 1553/2037 [03:06<02:29,  3.25it/s, est. speed input: 4652.44 toks/s, output: 1105.86 toks/s]Processed prompts:  76%|███████▋  | 1555/2037 [03:06<02:43,  2.95it/s, est. speed input: 4638.66 toks/s, output: 1102.16 toks/s]Processed prompts:  77%|███████▋  | 1559/2037 [03:08<02:49,  2.82it/s, est. speed input: 4620.80 toks/s, output: 1096.38 toks/s]Processed prompts:  77%|███████▋  | 1564/2037 [03:08<01:51,  4.25it/s, est. speed input: 4671.80 toks/s, output: 1097.42 toks/s]Processed prompts:  77%|███████▋  | 1565/2037 [03:09<02:09,  3.64it/s, est. speed input: 4659.73 toks/s, output: 1094.63 toks/s]Processed prompts:  77%|███████▋  | 1566/2037 [03:09<02:08,  3.66it/s, est. speed input: 4655.44 toks/s, output: 1094.40 toks/s]Processed prompts:  77%|███████▋  | 1569/2037 [03:10<01:44,  4.46it/s, est. speed input: 4651.70 toks/s, output: 1093.90 toks/s]Processed prompts:  77%|███████▋  | 1570/2037 [03:10<01:46,  4.39it/s, est. speed input: 4662.00 toks/s, output: 1093.17 toks/s]Processed prompts:  77%|███████▋  | 1572/2037 [03:10<01:34,  4.92it/s, est. speed input: 4673.42 toks/s, output: 1092.86 toks/s]Processed prompts:  77%|███████▋  | 1574/2037 [03:11<01:30,  5.10it/s, est. speed input: 4691.02 toks/s, output: 1092.99 toks/s]Processed prompts:  77%|███████▋  | 1576/2037 [03:11<01:23,  5.55it/s, est. speed input: 4689.06 toks/s, output: 1093.12 toks/s]Processed prompts:  77%|███████▋  | 1578/2037 [03:11<01:17,  5.94it/s, est. speed input: 4686.60 toks/s, output: 1092.58 toks/s]Processed prompts:  78%|███████▊  | 1580/2037 [03:11<01:19,  5.77it/s, est. speed input: 4684.59 toks/s, output: 1091.42 toks/s]Processed prompts:  78%|███████▊  | 1581/2037 [03:12<01:34,  4.85it/s, est. speed input: 4678.87 toks/s, output: 1090.02 toks/s]Processed prompts:  78%|███████▊  | 1582/2037 [03:12<01:56,  3.91it/s, est. speed input: 4670.58 toks/s, output: 1088.14 toks/s]Processed prompts:  78%|███████▊  | 1583/2037 [03:12<01:55,  3.95it/s, est. speed input: 4671.28 toks/s, output: 1087.32 toks/s]Processed prompts:  78%|███████▊  | 1584/2037 [03:13<01:54,  3.97it/s, est. speed input: 4671.01 toks/s, output: 1086.69 toks/s]Processed prompts:  78%|███████▊  | 1587/2037 [03:13<01:19,  5.64it/s, est. speed input: 4686.86 toks/s, output: 1086.65 toks/s]Processed prompts:  78%|███████▊  | 1591/2037 [03:13<01:03,  7.00it/s, est. speed input: 4710.49 toks/s, output: 1086.46 toks/s]Processed prompts:  78%|███████▊  | 1594/2037 [03:14<00:57,  7.74it/s, est. speed input: 4718.07 toks/s, output: 1086.82 toks/s]Processed prompts:  78%|███████▊  | 1595/2037 [03:14<01:04,  6.90it/s, est. speed input: 4733.95 toks/s, output: 1086.09 toks/s]Processed prompts:  78%|███████▊  | 1597/2037 [03:14<01:03,  6.96it/s, est. speed input: 4731.47 toks/s, output: 1085.84 toks/s]Processed prompts:  78%|███████▊  | 1598/2037 [03:15<01:10,  6.23it/s, est. speed input: 4727.75 toks/s, output: 1085.25 toks/s]Processed prompts:  78%|███████▊  | 1599/2037 [03:15<01:26,  5.08it/s, est. speed input: 4721.53 toks/s, output: 1084.18 toks/s]Processed prompts:  79%|███████▊  | 1602/2037 [03:15<01:19,  5.49it/s, est. speed input: 4758.90 toks/s, output: 1084.18 toks/s]Processed prompts:  79%|███████▉  | 1605/2037 [03:16<01:09,  6.21it/s, est. speed input: 4761.33 toks/s, output: 1084.07 toks/s]Processed prompts:  79%|███████▉  | 1608/2037 [03:16<01:08,  6.24it/s, est. speed input: 4771.22 toks/s, output: 1083.46 toks/s]Processed prompts:  79%|███████▉  | 1609/2037 [03:17<01:14,  5.74it/s, est. speed input: 4780.89 toks/s, output: 1082.80 toks/s]Processed prompts:  79%|███████▉  | 1612/2037 [03:17<01:07,  6.31it/s, est. speed input: 4784.18 toks/s, output: 1082.70 toks/s]Processed prompts:  79%|███████▉  | 1613/2037 [03:17<01:11,  5.96it/s, est. speed input: 4781.01 toks/s, output: 1082.38 toks/s]Processed prompts:  79%|███████▉  | 1614/2037 [03:17<01:14,  5.64it/s, est. speed input: 4777.85 toks/s, output: 1081.71 toks/s]Processed prompts:  79%|███████▉  | 1615/2037 [03:18<01:25,  4.94it/s, est. speed input: 4772.77 toks/s, output: 1080.85 toks/s]Processed prompts:  79%|███████▉  | 1617/2037 [03:18<01:19,  5.30it/s, est. speed input: 4782.69 toks/s, output: 1080.48 toks/s]Processed prompts:  80%|███████▉  | 1620/2037 [03:18<01:09,  6.04it/s, est. speed input: 4786.02 toks/s, output: 1080.44 toks/s]Processed prompts:  80%|███████▉  | 1623/2037 [03:19<01:00,  6.89it/s, est. speed input: 4803.06 toks/s, output: 1080.62 toks/s]Processed prompts:  80%|███████▉  | 1624/2037 [03:19<01:04,  6.40it/s, est. speed input: 4828.19 toks/s, output: 1080.15 toks/s]Processed prompts:  80%|███████▉  | 1625/2037 [03:19<01:24,  4.88it/s, est. speed input: 4820.05 toks/s, output: 1079.02 toks/s]Processed prompts:  80%|███████▉  | 1628/2037 [03:20<01:06,  6.19it/s, est. speed input: 4831.09 toks/s, output: 1079.52 toks/s]Processed prompts:  80%|████████  | 1630/2037 [03:20<01:01,  6.62it/s, est. speed input: 4865.50 toks/s, output: 1079.47 toks/s]Processed prompts:  80%|████████  | 1632/2037 [03:20<01:09,  5.82it/s, est. speed input: 4864.23 toks/s, output: 1078.38 toks/s]Processed prompts:  80%|████████  | 1633/2037 [03:21<01:12,  5.59it/s, est. speed input: 4861.83 toks/s, output: 1077.77 toks/s]Processed prompts:  80%|████████  | 1635/2037 [03:21<01:43,  3.90it/s, est. speed input: 4850.68 toks/s, output: 1074.60 toks/s]Processed prompts:  81%|████████  | 1640/2037 [03:22<01:08,  5.81it/s, est. speed input: 4851.92 toks/s, output: 1075.04 toks/s]Processed prompts:  81%|████████  | 1641/2037 [03:22<01:15,  5.24it/s, est. speed input: 4847.00 toks/s, output: 1074.12 toks/s]Processed prompts:  81%|████████  | 1643/2037 [03:23<01:11,  5.53it/s, est. speed input: 4847.09 toks/s, output: 1073.75 toks/s]Processed prompts:  81%|████████  | 1645/2037 [03:23<01:14,  5.29it/s, est. speed input: 4844.71 toks/s, output: 1072.72 toks/s]Processed prompts:  81%|████████  | 1648/2037 [03:23<01:00,  6.41it/s, est. speed input: 4864.34 toks/s, output: 1072.87 toks/s]Processed prompts:  81%|████████  | 1649/2037 [03:23<01:03,  6.14it/s, est. speed input: 4874.83 toks/s, output: 1072.56 toks/s]Processed prompts:  81%|████████  | 1651/2037 [03:24<01:05,  5.92it/s, est. speed input: 4870.27 toks/s, output: 1071.73 toks/s]Processed prompts:  81%|████████  | 1652/2037 [03:24<01:06,  5.76it/s, est. speed input: 4871.89 toks/s, output: 1071.37 toks/s]Processed prompts:  81%|████████  | 1653/2037 [03:24<01:09,  5.55it/s, est. speed input: 4871.53 toks/s, output: 1070.87 toks/s]Processed prompts:  81%|████████  | 1655/2037 [03:25<01:02,  6.11it/s, est. speed input: 4873.14 toks/s, output: 1070.64 toks/s]Processed prompts:  81%|████████▏ | 1658/2037 [03:25<00:57,  6.63it/s, est. speed input: 4874.31 toks/s, output: 1070.54 toks/s]Processed prompts:  81%|████████▏ | 1660/2037 [03:25<00:52,  7.18it/s, est. speed input: 4879.31 toks/s, output: 1070.74 toks/s]Processed prompts:  82%|████████▏ | 1662/2037 [03:25<00:49,  7.64it/s, est. speed input: 4883.00 toks/s, output: 1070.90 toks/s]Processed prompts:  82%|████████▏ | 1663/2037 [03:26<00:53,  6.98it/s, est. speed input: 4880.26 toks/s, output: 1070.26 toks/s]Processed prompts:  82%|████████▏ | 1664/2037 [03:26<00:59,  6.29it/s, est. speed input: 4877.85 toks/s, output: 1069.84 toks/s]Processed prompts:  82%|████████▏ | 1667/2037 [03:26<01:00,  6.15it/s, est. speed input: 4872.19 toks/s, output: 1068.96 toks/s]Processed prompts:  82%|████████▏ | 1669/2037 [03:27<01:24,  4.36it/s, est. speed input: 4858.33 toks/s, output: 1066.00 toks/s]Processed prompts:  82%|████████▏ | 1671/2037 [03:27<01:11,  5.13it/s, est. speed input: 4898.86 toks/s, output: 1066.10 toks/s]Processed prompts:  82%|████████▏ | 1673/2037 [03:28<01:23,  4.35it/s, est. speed input: 4896.54 toks/s, output: 1064.32 toks/s]Processed prompts:  82%|████████▏ | 1675/2037 [03:28<01:17,  4.66it/s, est. speed input: 4897.06 toks/s, output: 1063.80 toks/s]Processed prompts:  83%|████████▎ | 1681/2037 [03:30<01:25,  4.18it/s, est. speed input: 4881.21 toks/s, output: 1059.78 toks/s]Processed prompts:  83%|████████▎ | 1683/2037 [03:30<01:24,  4.18it/s, est. speed input: 4877.35 toks/s, output: 1058.31 toks/s]Processed prompts:  83%|████████▎ | 1684/2037 [03:30<01:22,  4.26it/s, est. speed input: 4878.34 toks/s, output: 1058.03 toks/s]Processed prompts:  83%|████████▎ | 1685/2037 [03:31<01:20,  4.38it/s, est. speed input: 4876.63 toks/s, output: 1057.99 toks/s]Processed prompts:  83%|████████▎ | 1688/2037 [03:31<01:00,  5.81it/s, est. speed input: 4880.84 toks/s, output: 1058.43 toks/s]Processed prompts:  83%|████████▎ | 1691/2037 [03:31<00:48,  7.06it/s, est. speed input: 4907.74 toks/s, output: 1059.26 toks/s]Processed prompts:  83%|████████▎ | 1694/2037 [03:32<00:43,  7.93it/s, est. speed input: 4908.04 toks/s, output: 1059.66 toks/s]Processed prompts:  83%|████████▎ | 1695/2037 [03:32<00:46,  7.43it/s, est. speed input: 4905.71 toks/s, output: 1059.31 toks/s]Processed prompts:  83%|████████▎ | 1698/2037 [03:32<00:45,  7.47it/s, est. speed input: 4910.59 toks/s, output: 1059.14 toks/s]Processed prompts:  83%|████████▎ | 1700/2037 [03:32<00:42,  7.85it/s, est. speed input: 4911.89 toks/s, output: 1059.58 toks/s]Processed prompts:  84%|████████▎ | 1704/2037 [03:33<00:48,  6.82it/s, est. speed input: 4906.14 toks/s, output: 1058.99 toks/s]Processed prompts:  84%|████████▍ | 1706/2037 [03:34<01:00,  5.44it/s, est. speed input: 4899.99 toks/s, output: 1057.24 toks/s]Processed prompts:  84%|████████▍ | 1707/2037 [03:34<01:00,  5.42it/s, est. speed input: 4897.67 toks/s, output: 1056.94 toks/s]Processed prompts:  84%|████████▍ | 1709/2037 [03:34<00:53,  6.14it/s, est. speed input: 4896.57 toks/s, output: 1057.18 toks/s]Processed prompts:  84%|████████▍ | 1714/2037 [03:35<01:09,  4.68it/s, est. speed input: 4890.54 toks/s, output: 1053.76 toks/s]Processed prompts:  84%|████████▍ | 1716/2037 [03:36<01:03,  5.02it/s, est. speed input: 4895.78 toks/s, output: 1053.42 toks/s]Processed prompts:  84%|████████▍ | 1717/2037 [03:36<01:08,  4.69it/s, est. speed input: 4890.98 toks/s, output: 1052.79 toks/s]Processed prompts:  84%|████████▍ | 1718/2037 [03:37<01:26,  3.68it/s, est. speed input: 4893.23 toks/s, output: 1050.64 toks/s]Processed prompts:  84%|████████▍ | 1719/2037 [03:37<01:44,  3.04it/s, est. speed input: 4882.30 toks/s, output: 1048.50 toks/s]Processed prompts:  84%|████████▍ | 1721/2037 [03:38<01:42,  3.08it/s, est. speed input: 4874.42 toks/s, output: 1047.16 toks/s]Processed prompts:  85%|████████▍ | 1724/2037 [03:38<01:14,  4.23it/s, est. speed input: 4880.00 toks/s, output: 1047.90 toks/s]Processed prompts:  85%|████████▍ | 1726/2037 [03:39<01:41,  3.05it/s, est. speed input: 4861.53 toks/s, output: 1043.96 toks/s]Processed prompts:  85%|████████▍ | 1727/2037 [03:39<01:40,  3.08it/s, est. speed input: 4859.91 toks/s, output: 1043.24 toks/s]Processed prompts:  85%|████████▍ | 1729/2037 [03:40<01:44,  2.94it/s, est. speed input: 4852.44 toks/s, output: 1040.87 toks/s]Processed prompts:  85%|████████▌ | 1732/2037 [03:41<01:47,  2.83it/s, est. speed input: 4838.46 toks/s, output: 1037.43 toks/s]Processed prompts:  85%|████████▌ | 1735/2037 [03:42<01:46,  2.84it/s, est. speed input: 4840.99 toks/s, output: 1034.50 toks/s]Processed prompts:  85%|████████▌ | 1739/2037 [03:44<01:36,  3.10it/s, est. speed input: 4824.28 toks/s, output: 1031.71 toks/s]Processed prompts:  85%|████████▌ | 1740/2037 [03:44<01:31,  3.23it/s, est. speed input: 4840.02 toks/s, output: 1031.58 toks/s]Processed prompts:  86%|████████▌ | 1742/2037 [03:44<01:31,  3.21it/s, est. speed input: 4830.20 toks/s, output: 1030.48 toks/s]Processed prompts:  86%|████████▌ | 1745/2037 [03:45<01:24,  3.44it/s, est. speed input: 4819.40 toks/s, output: 1029.05 toks/s]Processed prompts:  86%|████████▌ | 1749/2037 [03:46<01:28,  3.24it/s, est. speed input: 4803.16 toks/s, output: 1025.53 toks/s]Processed prompts:  86%|████████▌ | 1753/2037 [03:47<01:21,  3.48it/s, est. speed input: 4794.43 toks/s, output: 1023.65 toks/s]Processed prompts:  86%|████████▌ | 1754/2037 [03:48<01:31,  3.10it/s, est. speed input: 4784.60 toks/s, output: 1021.49 toks/s]Processed prompts:  86%|████████▌ | 1755/2037 [03:48<01:27,  3.23it/s, est. speed input: 4782.21 toks/s, output: 1021.12 toks/s]Processed prompts:  86%|████████▌ | 1756/2037 [03:49<01:40,  2.79it/s, est. speed input: 4771.35 toks/s, output: 1019.25 toks/s]Processed prompts:  86%|████████▋ | 1761/2037 [03:50<01:30,  3.05it/s, est. speed input: 4754.27 toks/s, output: 1015.08 toks/s]Processed prompts:  87%|████████▋ | 1764/2037 [03:51<01:31,  2.97it/s, est. speed input: 4740.56 toks/s, output: 1011.84 toks/s]Processed prompts:  87%|████████▋ | 1765/2037 [03:52<01:35,  2.85it/s, est. speed input: 4744.89 toks/s, output: 1010.55 toks/s]Processed prompts:  87%|████████▋ | 1767/2037 [03:53<01:33,  2.90it/s, est. speed input: 4738.64 toks/s, output: 1009.11 toks/s]Processed prompts:  87%|████████▋ | 1770/2037 [03:53<01:08,  3.91it/s, est. speed input: 4740.75 toks/s, output: 1009.30 toks/s]Processed prompts:  87%|████████▋ | 1771/2037 [03:53<01:07,  3.96it/s, est. speed input: 4737.75 toks/s, output: 1008.92 toks/s]Processed prompts:  87%|████████▋ | 1774/2037 [03:53<00:51,  5.15it/s, est. speed input: 4736.89 toks/s, output: 1009.08 toks/s]Processed prompts:  87%|████████▋ | 1775/2037 [03:54<00:59,  4.42it/s, est. speed input: 4730.65 toks/s, output: 1007.95 toks/s]Processed prompts:  87%|████████▋ | 1779/2037 [03:55<01:01,  4.19it/s, est. speed input: 4724.59 toks/s, output: 1005.57 toks/s]Processed prompts:  87%|████████▋ | 1780/2037 [03:55<01:14,  3.43it/s, est. speed input: 4714.27 toks/s, output: 1003.54 toks/s]Processed prompts:  87%|████████▋ | 1782/2037 [03:56<01:03,  4.04it/s, est. speed input: 4728.11 toks/s, output: 1003.53 toks/s]Processed prompts:  88%|████████▊ | 1787/2037 [03:56<00:34,  7.26it/s, est. speed input: 4737.97 toks/s, output: 1005.30 toks/s]Processed prompts:  88%|████████▊ | 1790/2037 [03:56<00:27,  8.94it/s, est. speed input: 4740.16 toks/s, output: 1006.63 toks/s]Processed prompts:  88%|████████▊ | 1795/2037 [03:56<00:18, 12.77it/s, est. speed input: 4765.07 toks/s, output: 1009.03 toks/s]Processed prompts:  88%|████████▊ | 1798/2037 [03:56<00:17, 13.99it/s, est. speed input: 4768.33 toks/s, output: 1010.96 toks/s]Processed prompts:  89%|████████▊ | 1804/2037 [03:57<00:12, 19.36it/s, est. speed input: 4778.94 toks/s, output: 1014.13 toks/s]Processed prompts:  89%|████████▊ | 1807/2037 [03:57<00:11, 19.47it/s, est. speed input: 4782.95 toks/s, output: 1015.44 toks/s]Processed prompts:  89%|████████▉ | 1811/2037 [03:57<00:12, 18.79it/s, est. speed input: 4809.34 toks/s, output: 1016.68 toks/s]Processed prompts:  89%|████████▉ | 1814/2037 [03:57<00:11, 19.09it/s, est. speed input: 4813.62 toks/s, output: 1017.45 toks/s]Processed prompts:  89%|████████▉ | 1818/2037 [03:57<00:10, 21.01it/s, est. speed input: 4818.38 toks/s, output: 1019.03 toks/s]Processed prompts:  89%|████████▉ | 1821/2037 [03:57<00:10, 20.74it/s, est. speed input: 4822.63 toks/s, output: 1020.44 toks/s]Processed prompts:  90%|████████▉ | 1825/2037 [03:57<00:09, 22.42it/s, est. speed input: 4831.11 toks/s, output: 1022.14 toks/s]Processed prompts:  90%|████████▉ | 1831/2037 [03:58<00:07, 27.67it/s, est. speed input: 4850.99 toks/s, output: 1024.27 toks/s]Processed prompts:  90%|█████████ | 1834/2037 [03:58<00:07, 25.92it/s, est. speed input: 4864.79 toks/s, output: 1025.71 toks/s]Processed prompts:  90%|█████████ | 1842/2037 [03:58<00:05, 34.53it/s, est. speed input: 4877.88 toks/s, output: 1030.46 toks/s]Processed prompts:  91%|█████████ | 1846/2037 [03:58<00:06, 28.95it/s, est. speed input: 4880.77 toks/s, output: 1031.96 toks/s]Processed prompts:  91%|█████████ | 1850/2037 [03:58<00:06, 28.96it/s, est. speed input: 4887.45 toks/s, output: 1034.01 toks/s]Processed prompts:  91%|█████████ | 1854/2037 [03:58<00:06, 29.18it/s, est. speed input: 4896.16 toks/s, output: 1036.07 toks/s]Processed prompts:  91%|█████████ | 1858/2037 [03:59<00:06, 29.47it/s, est. speed input: 4902.63 toks/s, output: 1038.28 toks/s]Processed prompts:  92%|█████████▏| 1865/2037 [03:59<00:05, 31.68it/s, est. speed input: 4926.81 toks/s, output: 1040.98 toks/s]Processed prompts:  92%|█████████▏| 1869/2037 [03:59<00:05, 31.56it/s, est. speed input: 4934.36 toks/s, output: 1043.04 toks/s]Processed prompts:  92%|█████████▏| 1874/2037 [03:59<00:06, 26.69it/s, est. speed input: 4939.93 toks/s, output: 1044.65 toks/s]Processed prompts:  92%|█████████▏| 1877/2037 [03:59<00:06, 25.90it/s, est. speed input: 4954.06 toks/s, output: 1046.05 toks/s]Processed prompts:  92%|█████████▏| 1880/2037 [03:59<00:06, 25.49it/s, est. speed input: 4958.89 toks/s, output: 1047.50 toks/s]Processed prompts:  92%|█████████▏| 1883/2037 [03:59<00:06, 25.12it/s, est. speed input: 4966.12 toks/s, output: 1049.26 toks/s]Processed prompts:  93%|█████████▎| 1889/2037 [04:00<00:05, 27.89it/s, est. speed input: 4975.56 toks/s, output: 1051.46 toks/s]Processed prompts:  93%|█████████▎| 1892/2037 [04:00<00:05, 27.20it/s, est. speed input: 4979.56 toks/s, output: 1052.36 toks/s]Processed prompts:  93%|█████████▎| 1897/2037 [04:00<00:04, 30.59it/s, est. speed input: 5014.38 toks/s, output: 1055.21 toks/s]Processed prompts:  93%|█████████▎| 1901/2037 [04:00<00:04, 31.72it/s, est. speed input: 5019.70 toks/s, output: 1057.01 toks/s]Processed prompts:  94%|█████████▎| 1905/2037 [04:00<00:04, 28.81it/s, est. speed input: 5024.61 toks/s, output: 1058.54 toks/s]Processed prompts:  94%|█████████▎| 1909/2037 [04:00<00:04, 27.19it/s, est. speed input: 5033.91 toks/s, output: 1059.84 toks/s]Processed prompts:  94%|█████████▍| 1912/2037 [04:01<00:06, 18.61it/s, est. speed input: 5032.95 toks/s, output: 1060.56 toks/s]Processed prompts:  94%|█████████▍| 1920/2037 [04:01<00:04, 26.61it/s, est. speed input: 5057.64 toks/s, output: 1064.83 toks/s]Processed prompts:  94%|█████████▍| 1924/2037 [04:01<00:04, 24.29it/s, est. speed input: 5061.35 toks/s, output: 1066.45 toks/s]Processed prompts:  95%|█████████▍| 1929/2037 [04:01<00:03, 28.79it/s, est. speed input: 5071.28 toks/s, output: 1068.67 toks/s]Processed prompts:  95%|█████████▍| 1933/2037 [04:01<00:04, 25.69it/s, est. speed input: 5075.44 toks/s, output: 1070.21 toks/s]Processed prompts:  95%|█████████▌| 1942/2037 [04:01<00:02, 37.78it/s, est. speed input: 5112.92 toks/s, output: 1074.44 toks/s]Processed prompts:  96%|█████████▌| 1947/2037 [04:02<00:02, 36.90it/s, est. speed input: 5120.23 toks/s, output: 1076.54 toks/s]Processed prompts:  96%|█████████▌| 1952/2037 [04:02<00:02, 36.43it/s, est. speed input: 5147.59 toks/s, output: 1078.57 toks/s]Processed prompts:  96%|█████████▌| 1957/2037 [04:02<00:02, 30.03it/s, est. speed input: 5178.27 toks/s, output: 1080.09 toks/s]Processed prompts:  96%|█████████▋| 1963/2037 [04:02<00:02, 33.15it/s, est. speed input: 5210.44 toks/s, output: 1083.41 toks/s]Processed prompts:  97%|█████████▋| 1969/2037 [04:02<00:01, 36.11it/s, est. speed input: 5257.73 toks/s, output: 1086.10 toks/s]Processed prompts:  97%|█████████▋| 1973/2037 [04:02<00:01, 34.66it/s, est. speed input: 5261.87 toks/s, output: 1088.31 toks/s]Processed prompts:  97%|█████████▋| 1977/2037 [04:03<00:01, 34.01it/s, est. speed input: 5283.32 toks/s, output: 1090.19 toks/s]Processed prompts:  97%|█████████▋| 1982/2037 [04:03<00:01, 34.95it/s, est. speed input: 5340.56 toks/s, output: 1092.77 toks/s]Processed prompts:  97%|█████████▋| 1986/2037 [04:03<00:01, 34.65it/s, est. speed input: 5357.88 toks/s, output: 1094.80 toks/s]Processed prompts:  98%|█████████▊| 1990/2037 [04:03<00:01, 25.57it/s, est. speed input: 5370.72 toks/s, output: 1095.99 toks/s]Processed prompts:  98%|█████████▊| 1996/2037 [04:03<00:01, 31.81it/s, est. speed input: 5389.81 toks/s, output: 1099.37 toks/s]Processed prompts:  98%|█████████▊| 2000/2037 [04:03<00:01, 32.53it/s, est. speed input: 5421.17 toks/s, output: 1101.46 toks/s]Processed prompts:  98%|█████████▊| 2004/2037 [04:03<00:01, 27.38it/s, est. speed input: 5434.54 toks/s, output: 1102.96 toks/s]Processed prompts:  99%|█████████▊| 2008/2037 [04:04<00:01, 28.12it/s, est. speed input: 5448.45 toks/s, output: 1105.13 toks/s]Processed prompts:  99%|█████████▉| 2012/2037 [04:04<00:00, 27.17it/s, est. speed input: 5459.66 toks/s, output: 1107.58 toks/s]Processed prompts:  99%|█████████▉| 2015/2037 [04:04<00:01, 20.96it/s, est. speed input: 5470.34 toks/s, output: 1108.82 toks/s]Processed prompts:  99%|█████████▉| 2019/2037 [04:04<00:00, 24.49it/s, est. speed input: 5488.40 toks/s, output: 1111.21 toks/s]Processed prompts:  99%|█████████▉| 2022/2037 [04:04<00:00, 20.94it/s, est. speed input: 5526.55 toks/s, output: 1112.45 toks/s]Processed prompts:  99%|█████████▉| 2025/2037 [04:05<00:00, 17.68it/s, est. speed input: 5558.12 toks/s, output: 1113.68 toks/s]Processed prompts: 100%|█████████▉| 2028/2037 [04:05<00:00, 16.18it/s, est. speed input: 5576.12 toks/s, output: 1115.15 toks/s]Processed prompts: 100%|█████████▉| 2030/2037 [04:05<00:00, 16.22it/s, est. speed input: 5596.50 toks/s, output: 1116.17 toks/s]Processed prompts: 100%|█████████▉| 2032/2037 [04:05<00:00, 13.86it/s, est. speed input: 5604.01 toks/s, output: 1116.85 toks/s]Processed prompts: 100%|█████████▉| 2034/2037 [04:05<00:00, 14.32it/s, est. speed input: 5604.59 toks/s, output: 1118.06 toks/s]Processed prompts: 100%|█████████▉| 2036/2037 [04:05<00:00, 13.68it/s, est. speed input: 5613.94 toks/s, output: 1119.08 toks/s]Processed prompts: 100%|██████████| 2037/2037 [04:06<00:00,  8.26it/s, est. speed input: 5602.54 toks/s, output: 1117.45 toks/s]
完成目录: baseline
------------------------
所有脚本执行完成
